Component: ARM Compiler 5.06 update 6 (build 750) Tool: armlink [4d35ed]

==============================================================================

Section Cross References

    startup_stm32l475xx.o(RESET) refers to startup_stm32l475xx.o(STACK) for __initial_sp
    startup_stm32l475xx.o(RESET) refers to startup_stm32l475xx.o(.text) for Reset_Handler
    startup_stm32l475xx.o(RESET) refers to stm32l4xx_it.o(i.NMI_Handler) for NMI_Handler
    startup_stm32l475xx.o(RESET) refers to stm32l4xx_it.o(i.HardFault_Handler) for HardFault_Handler
    startup_stm32l475xx.o(RESET) refers to stm32l4xx_it.o(i.MemManage_Handler) for MemManage_Handler
    startup_stm32l475xx.o(RESET) refers to stm32l4xx_it.o(i.BusFault_Handler) for BusFault_Handler
    startup_stm32l475xx.o(RESET) refers to stm32l4xx_it.o(i.UsageFault_Handler) for UsageFault_Handler
    startup_stm32l475xx.o(RESET) refers to stm32l4xx_it.o(i.SVC_Handler) for SVC_Handler
    startup_stm32l475xx.o(RESET) refers to stm32l4xx_it.o(i.DebugMon_Handler) for DebugMon_Handler
    startup_stm32l475xx.o(RESET) refers to stm32l4xx_it.o(i.PendSV_Handler) for PendSV_Handler
    startup_stm32l475xx.o(RESET) refers to stm32l4xx_it.o(i.SysTick_Handler) for SysTick_Handler
    startup_stm32l475xx.o(.text) refers to system_stm32l4xx.o(i.SystemInit) for SystemInit
    startup_stm32l475xx.o(.text) refers to entry.o(.ARM.Collect$$$$00000000) for __main
    main.o(i.MX_USART1_UART_Init) refers to stm32l4xx_hal_uart.o(i.HAL_UART_Init) for HAL_UART_Init
    main.o(i.MX_USART1_UART_Init) refers to main.o(.bss) for .bss
    main.o(i.SystemClock_Config) refers to stm32l4xx_hal_rcc.o(i.HAL_RCC_OscConfig) for HAL_RCC_OscConfig
    main.o(i.SystemClock_Config) refers to stm32l4xx_hal_rcc.o(i.HAL_RCC_ClockConfig) for HAL_RCC_ClockConfig
    main.o(i.SystemClock_Config) refers to stm32l4xx_hal_rcc_ex.o(i.HAL_RCCEx_PeriphCLKConfig) for HAL_RCCEx_PeriphCLKConfig
    main.o(i.SystemClock_Config) refers to stm32l4xx_hal_pwr_ex.o(i.HAL_PWREx_ControlVoltageScaling) for HAL_PWREx_ControlVoltageScaling
    main.o(i.SystemClock_Config) refers to stm32l4xx_hal_rcc.o(i.HAL_RCC_GetHCLKFreq) for HAL_RCC_GetHCLKFreq
    main.o(i.SystemClock_Config) refers to stm32l4xx_hal_cortex.o(i.HAL_SYSTICK_Config) for HAL_SYSTICK_Config
    main.o(i.SystemClock_Config) refers to stm32l4xx_hal_cortex.o(i.HAL_SYSTICK_CLKSourceConfig) for HAL_SYSTICK_CLKSourceConfig
    main.o(i.SystemClock_Config) refers to stm32l4xx_hal_cortex.o(i.HAL_NVIC_SetPriority) for HAL_NVIC_SetPriority
    main.o(i.main) refers to stm32l4xx_hal.o(i.HAL_Init) for HAL_Init
    main.o(i.main) refers to main.o(i.SystemClock_Config) for SystemClock_Config
    main.o(i.main) refers to main.o(i.MX_USART1_UART_Init) for MX_USART1_UART_Init
    main.o(i.main) refers to stm32l4xx_hal_qspi.o(i.HAL_QSPI_Init) for HAL_QSPI_Init
    main.o(i.main) refers to sfud_port.o(i.sfud_flash_init) for sfud_flash_init
    main.o(i.main) refers to main.o(i.sfud_demo) for sfud_demo
    main.o(i.main) refers to main.o(.bss) for .bss
    main.o(i.sfud_demo) refers to sfud.o(i.sfud_erase) for sfud_erase
    main.o(i.sfud_demo) refers to printfa.o(i.__0printf) for __2printf
    main.o(i.sfud_demo) refers to sfud.o(i.sfud_write) for sfud_write
    main.o(i.sfud_demo) refers to sfud.o(i.sfud_read) for sfud_read
    main.o(i.sfud_demo) refers to sfud_port.o(.data) for sfud_dev
    main.o(i.sfud_demo) refers to main.o(.conststring) for .conststring
    stm32l4xx_it.o(i.SysTick_Handler) refers to stm32l4xx_hal.o(i.HAL_IncTick) for HAL_IncTick
    stm32l4xx_it.o(i.SysTick_Handler) refers to stm32l4xx_hal_cortex.o(i.HAL_SYSTICK_IRQHandler) for HAL_SYSTICK_IRQHandler
    stm32l4xx_hal_msp.o(i.HAL_MspInit) refers to stm32l4xx_hal_cortex.o(i.HAL_NVIC_SetPriorityGrouping) for HAL_NVIC_SetPriorityGrouping
    stm32l4xx_hal_msp.o(i.HAL_MspInit) refers to stm32l4xx_hal_cortex.o(i.HAL_NVIC_SetPriority) for HAL_NVIC_SetPriority
    stm32l4xx_hal_msp.o(i.HAL_QSPI_MspDeInit) refers to stm32l4xx_hal_gpio.o(i.HAL_GPIO_DeInit) for HAL_GPIO_DeInit
    stm32l4xx_hal_msp.o(i.HAL_QSPI_MspInit) refers to stm32l4xx_hal_gpio.o(i.HAL_GPIO_Init) for HAL_GPIO_Init
    stm32l4xx_hal_msp.o(i.HAL_UART_MspDeInit) refers to stm32l4xx_hal_gpio.o(i.HAL_GPIO_DeInit) for HAL_GPIO_DeInit
    stm32l4xx_hal_msp.o(i.HAL_UART_MspInit) refers to stm32l4xx_hal_gpio.o(i.HAL_GPIO_Init) for HAL_GPIO_Init
    stm32l4xx_hal_qspi.o(i.HAL_QSPI_Abort) refers to stm32l4xx_hal.o(i.HAL_GetTick) for HAL_GetTick
    stm32l4xx_hal_qspi.o(i.HAL_QSPI_Abort) refers to stm32l4xx_hal_dma.o(i.HAL_DMA_Abort) for HAL_DMA_Abort
    stm32l4xx_hal_qspi.o(i.HAL_QSPI_Abort) refers to stm32l4xx_hal_qspi.o(i.QSPI_WaitFlagStateUntilTimeout) for QSPI_WaitFlagStateUntilTimeout
    stm32l4xx_hal_qspi.o(i.HAL_QSPI_Abort_IT) refers to stm32l4xx_hal_dma.o(i.HAL_DMA_Abort_IT) for HAL_DMA_Abort_IT
    stm32l4xx_hal_qspi.o(i.HAL_QSPI_Abort_IT) refers to stm32l4xx_hal_qspi.o(i.HAL_QSPI_AbortCpltCallback) for HAL_QSPI_AbortCpltCallback
[...]
    Removing stm32l4xx_hal_flash.o(i.HAL_FLASH_Program), (170 bytes).
    Removing stm32l4xx_hal_flash.o(i.HAL_FLASH_Program_IT), (120 bytes).
    Removing stm32l4xx_hal_flash.o(i.HAL_FLASH_Unlock), (40 bytes).
    Removing stm32l4xx_hal_flash.o(.data), (32 bytes).
    Removing stm32l4xx_hal_flash_ex.o(.rev16_text), (4 bytes).
    Removing stm32l4xx_hal_flash_ex.o(.revsh_text), (4 bytes).
    Removing stm32l4xx_hal_flash_ex.o(.rrx_text), (6 bytes).
    Removing stm32l4xx_hal_flash_ex.o(i.FLASH_FlushCaches), (84 bytes).
    Removing stm32l4xx_hal_flash_ex.o(i.FLASH_MassErase), (40 bytes).
    Removing stm32l4xx_hal_flash_ex.o(i.FLASH_OB_GetPCROP), (140 bytes).
    Removing stm32l4xx_hal_flash_ex.o(i.FLASH_OB_PCROPConfig), (200 bytes).
    Removing stm32l4xx_hal_flash_ex.o(i.FLASH_OB_UserConfig), (248 bytes).
    Removing stm32l4xx_hal_flash_ex.o(i.FLASH_OB_WRPConfig), (124 bytes).
    Removing stm32l4xx_hal_flash_ex.o(i.FLASH_PageErase), (52 bytes).
    Removing stm32l4xx_hal_flash_ex.o(i.HAL_FLASHEx_Erase), (234 bytes).
    Removing stm32l4xx_hal_flash_ex.o(i.HAL_FLASHEx_Erase_IT), (148 bytes).
    Removing stm32l4xx_hal_flash_ex.o(i.HAL_FLASHEx_OBGetConfig), (152 bytes).
    Removing stm32l4xx_hal_flash_ex.o(i.HAL_FLASHEx_OBProgram), (172 bytes).
    Removing stm32l4xx_hal_flash_ramfunc.o(.rev16_text), (4 bytes).
    Removing stm32l4xx_hal_flash_ramfunc.o(.revsh_text), (4 bytes).
    Removing stm32l4xx_hal_flash_ramfunc.o(.rrx_text), (6 bytes).
    Removing stm32l4xx_hal_flash_ramfunc.o(i.HAL_FLASHEx_DisableRunPowerDown), (36 bytes).
    Removing stm32l4xx_hal_flash_ramfunc.o(i.HAL_FLASHEx_EnableRunPowerDown), (36 bytes).
    Removing stm32l4xx_hal_gpio.o(.rev16_text), (4 bytes).
    Removing stm32l4xx_hal_gpio.o(.revsh_text), (4 bytes).
    Removing stm32l4xx_hal_gpio.o(.rrx_text), (6 bytes).
    Removing stm32l4xx_hal_gpio.o(i.HAL_GPIO_DeInit), (338 bytes).
    Removing stm32l4xx_hal_gpio.o(i.HAL_GPIO_EXTI_Callback), (2 bytes).
    Removing stm32l4xx_hal_gpio.o(i.HAL_GPIO_EXTI_IRQHandler), (24 bytes).
    Removing stm32l4xx_hal_gpio.o(i.HAL_GPIO_LockPin), (34 bytes).
    Removing stm32l4xx_hal_gpio.o(i.HAL_GPIO_ReadPin), (10 bytes).
    Removing stm32l4xx_hal_gpio.o(i.HAL_GPIO_TogglePin), (8 bytes).
    Removing stm32l4xx_hal_dma.o(.rev16_text), (4 bytes).
    Removing stm32l4xx_hal_dma.o(.revsh_text), (4 bytes).
    Removing stm32l4xx_hal_dma.o(.rrx_text), (6 bytes).
    Removing stm32l4xx_hal_dma.o(i.DMA_SetConfig), (46 bytes).
    Removing stm32l4xx_hal_dma.o(i.HAL_DMA_Abort_IT), (78 bytes).
    Removing stm32l4xx_hal_dma.o(i.HAL_DMA_DeInit), (156 bytes).
    Removing stm32l4xx_hal_dma.o(i.HAL_DMA_GetError), (4 bytes).
    Removing stm32l4xx_hal_dma.o(i.HAL_DMA_GetState), (6 bytes).
    Removing stm32l4xx_hal_dma.o(i.HAL_DMA_IRQHandler), (186 bytes).
    Removing stm32l4xx_hal_dma.o(i.HAL_DMA_Init), (192 bytes).
    Removing stm32l4xx_hal_dma.o(i.HAL_DMA_PollForTransfer), (222 bytes).
    Removing stm32l4xx_hal_dma.o(i.HAL_DMA_RegisterCallback), (74 bytes).
    Removing stm32l4xx_hal_dma.o(i.HAL_DMA_Start), (80 bytes).
    Removing stm32l4xx_hal_dma.o(i.HAL_DMA_Start_IT), (112 bytes).
    Removing stm32l4xx_hal_dma.o(i.HAL_DMA_UnRegisterCallback), (82 bytes).
    Removing stm32l4xx_hal_dma_ex.o(.rev16_text), (4 bytes).
    Removing stm32l4xx_hal_dma_ex.o(.revsh_text), (4 bytes).
    Removing stm32l4xx_hal_dma_ex.o(.rrx_text), (6 bytes).
    Removing stm32l4xx_hal_pwr.o(.rev16_text), (4 bytes).
    Removing stm32l4xx_hal_pwr.o(.revsh_text), (4 bytes).
    Removing stm32l4xx_hal_pwr.o(.rrx_text), (6 bytes).
    Removing stm32l4xx_hal_pwr.o(i.HAL_PWR_ConfigPVD), (128 bytes).
    Removing stm32l4xx_hal_pwr.o(i.HAL_PWR_DeInit), (24 bytes).
    Removing stm32l4xx_hal_pwr.o(i.HAL_PWR_DisableBkUpAccess), (16 bytes).
    Removing stm32l4xx_hal_pwr.o(i.HAL_PWR_DisablePVD), (16 bytes).
    Removing stm32l4xx_hal_pwr.o(i.HAL_PWR_DisableSEVOnPend), (16 bytes).
    Removing stm32l4xx_hal_pwr.o(i.HAL_PWR_DisableSleepOnExit), (16 bytes).
    Removing stm32l4xx_hal_pwr.o(i.HAL_PWR_DisableWakeUpPin), (20 bytes).
    Removing stm32l4xx_hal_pwr.o(i.HAL_PWR_EnableBkUpAccess), (16 bytes).
    Removing stm32l4xx_hal_pwr.o(i.HAL_PWR_EnablePVD), (16 bytes).
    Removing stm32l4xx_hal_pwr.o(i.HAL_PWR_EnableSEVOnPend), (16 bytes).
    Removing stm32l4xx_hal_pwr.o(i.HAL_PWR_EnableSleepOnExit), (16 bytes).
    Removing stm32l4xx_hal_pwr.o(i.HAL_PWR_EnableWakeUpPin), (28 bytes).
    Removing stm32l4xx_hal_pwr.o(i.HAL_PWR_EnterSLEEPMode), (68 bytes).
    Removing stm32l4xx_hal_pwr.o(i.HAL_PWR_EnterSTANDBYMode), (36 bytes).
    Removing stm32l4xx_hal_pwr.o(i.HAL_PWR_EnterSTOPMode), (16 bytes).
    Removing stm32l4xx_hal_pwr.o(i.HAL_PWR_PVDCallback), (2 bytes).
    Removing stm32l4xx_hal_pwr_ex.o(.rev16_text), (4 bytes).
    Removing stm32l4xx_hal_pwr_ex.o(.revsh_text), (4 bytes).
    Removing stm32l4xx_hal_pwr_ex.o(.rrx_text), (6 bytes).
    Removing stm32l4xx_hal_pwr_ex.o(i.HAL_PWREx_ConfigPVM), (404 bytes).
    Removing stm32l4xx_hal_pwr_ex.o(i.HAL_PWREx_DisableBatteryCharging), (16 bytes).
    Removing stm32l4xx_hal_pwr_ex.o(i.HAL_PWREx_DisableGPIOPullDown), (104 bytes).
    Removing stm32l4xx_hal_pwr_ex.o(i.HAL_PWREx_DisableGPIOPullUp), (100 bytes).
    Removing stm32l4xx_hal_pwr_ex.o(i.HAL_PWREx_DisableInternalWakeUpLine), (16 bytes).
    Removing stm32l4xx_hal_pwr_ex.o(i.HAL_PWREx_DisableLowPowerRunMode), (64 bytes).
    Removing stm32l4xx_hal_pwr_ex.o(i.HAL_PWREx_DisablePVM1), (16 bytes).
    Removing stm32l4xx_hal_pwr_ex.o(i.HAL_PWREx_DisablePVM2), (16 bytes).
    Removing stm32l4xx_hal_pwr_ex.o(i.HAL_PWREx_DisablePVM3), (16 bytes).
    Removing stm32l4xx_hal_pwr_ex.o(i.HAL_PWREx_DisablePVM4), (16 bytes).
    Removing stm32l4xx_hal_pwr_ex.o(i.HAL_PWREx_DisablePullUpPullDownConfig), (16 bytes).
    Removing stm32l4xx_hal_pwr_ex.o(i.HAL_PWREx_DisableSRAM2ContentRetention), (16 bytes).
    Removing stm32l4xx_hal_pwr_ex.o(i.HAL_PWREx_DisableVddIO2), (16 bytes).
    Removing stm32l4xx_hal_pwr_ex.o(i.HAL_PWREx_DisableVddUSB), (16 bytes).
    Removing stm32l4xx_hal_pwr_ex.o(i.HAL_PWREx_EnableBatteryCharging), (28 bytes).
    Removing stm32l4xx_hal_pwr_ex.o(i.HAL_PWREx_EnableGPIOPullDown), (156 bytes).
    Removing stm32l4xx_hal_pwr_ex.o(i.HAL_PWREx_EnableGPIOPullUp), (156 bytes).
    Removing stm32l4xx_hal_pwr_ex.o(i.HAL_PWREx_EnableInternalWakeUpLine), (16 bytes).
    Removing stm32l4xx_hal_pwr_ex.o(i.HAL_PWREx_EnableLowPowerRunMode), (16 bytes).
    Removing stm32l4xx_hal_pwr_ex.o(i.HAL_PWREx_EnablePVM1), (16 bytes).
    Removing stm32l4xx_hal_pwr_ex.o(i.HAL_PWREx_EnablePVM2), (16 bytes).
    Removing stm32l4xx_hal_pwr_ex.o(i.HAL_PWREx_EnablePVM3), (16 bytes).
    Removing stm32l4xx_hal_pwr_ex.o(i.HAL_PWREx_EnablePVM4), (16 bytes).
    Removing stm32l4xx_hal_pwr_ex.o(i.HAL_PWREx_EnablePullUpPullDownConfig), (16 bytes).
    Removing stm32l4xx_hal_pwr_ex.o(i.HAL_PWREx_EnableSRAM2ContentRetention), (16 bytes).
    Removing stm32l4xx_hal_pwr_ex.o(i.HAL_PWREx_EnableVddIO2), (16 bytes).
    Removing stm32l4xx_hal_pwr_ex.o(i.HAL_PWREx_EnableVddUSB), (16 bytes).
    Removing stm32l4xx_hal_pwr_ex.o(i.HAL_PWREx_EnterSHUTDOWNMode), (36 bytes).
    Removing stm32l4xx_hal_pwr_ex.o(i.HAL_PWREx_EnterSTOP0Mode), (52 bytes).
    Removing stm32l4xx_hal_pwr_ex.o(i.HAL_PWREx_EnterSTOP1Mode), (56 bytes).
    Removing stm32l4xx_hal_pwr_ex.o(i.HAL_PWREx_EnterSTOP2Mode), (56 bytes).
    Removing stm32l4xx_hal_pwr_ex.o(i.HAL_PWREx_PVD_PVM_IRQHandler), (88 bytes).
    Removing stm32l4xx_hal_pwr_ex.o(i.HAL_PWREx_PVM1Callback), (2 bytes).
    Removing stm32l4xx_hal_pwr_ex.o(i.HAL_PWREx_PVM2Callback), (2 bytes).
    Removing stm32l4xx_hal_pwr_ex.o(i.HAL_PWREx_PVM3Callback), (2 bytes).
    Removing stm32l4xx_hal_pwr_ex.o(i.HAL_PWREx_PVM4Callback), (2 bytes).
    Removing stm32l4xx_hal_cortex.o(.rev16_text), (4 bytes).
    Removing stm32l4xx_hal_cortex.o(.revsh_text), (4 bytes).
    Removing stm32l4xx_hal_cortex.o(.rrx_text), (6 bytes).
    Removing stm32l4xx_hal_cortex.o(i.HAL_MPU_ConfigRegion), (84 bytes).
    Removing stm32l4xx_hal_cortex.o(i.HAL_MPU_Disable), (28 bytes).
    Removing stm32l4xx_hal_cortex.o(i.HAL_MPU_Enable), (36 bytes).
    Removing stm32l4xx_hal_cortex.o(i.HAL_NVIC_ClearPendingIRQ), (22 bytes).
    Removing stm32l4xx_hal_cortex.o(i.HAL_NVIC_DisableIRQ), (22 bytes).
    Removing stm32l4xx_hal_cortex.o(i.HAL_NVIC_EnableIRQ), (22 bytes).
    Removing stm32l4xx_hal_cortex.o(i.HAL_NVIC_GetActive), (32 bytes).
    Removing stm32l4xx_hal_cortex.o(i.HAL_NVIC_GetPendingIRQ), (32 bytes).
    Removing stm32l4xx_hal_cortex.o(i.HAL_NVIC_GetPriority), (82 bytes).
    Removing stm32l4xx_hal_cortex.o(i.HAL_NVIC_GetPriorityGrouping), (16 bytes).
    Removing stm32l4xx_hal_cortex.o(i.HAL_NVIC_SetPendingIRQ), (22 bytes).
    Removing stm32l4xx_hal_cortex.o(i.HAL_NVIC_SystemReset), (36 bytes).
    Removing system_stm32l4xx.o(.rev16_text), (4 bytes).
    Removing system_stm32l4xx.o(.revsh_text), (4 bytes).
    Removing system_stm32l4xx.o(.rrx_text), (6 bytes).
    Removing system_stm32l4xx.o(i.SystemCoreClockUpdate), (168 bytes).
    Removing sfud.o(i.sfud_erase_write), (40 bytes).
    Removing sfud.o(i.sfud_get_device), (16 bytes).
    Removing sfud.o(i.sfud_get_device_num), (4 bytes).
    Removing sfud.o(i.sfud_get_device_table), (8 bytes).
    Removing sfud.o(i.sfud_init), (148 bytes).
    Removing sfud.o(.data), (128 bytes).
    Removing sfud_port.o(.rev16_text), (4 bytes).
    Removing sfud_port.o(.revsh_text), (4 bytes).
    Removing sfud_port.o(.rrx_text), (6 bytes).

423 unused section(s) (total 28490 bytes) removed from the image.

==============================================================================

Image Symbol Table

    Local Symbols

    Symbol Name                              Value     Ov Type        Size  Object(Section)

    ..//Src/system_stm32l4xx.c               0x00000000   Number         0  system_stm32l4xx.o ABSOLUTE
    ../Drivers/STM32L4xx_HAL_Driver/Src/stm32l4xx_hal.c 0x00000000   Number         0  stm32l4xx_hal.o ABSOLUTE
    ../Drivers/STM32L4xx_HAL_Driver/Src/stm32l4xx_hal_cortex.c 0x00000000   Number         0  stm32l4xx_hal_cortex.o ABSOLUTE
    ../Drivers/STM32L4xx_HAL_Driver/Src/stm32l4xx_hal_dma.c 0x00000000   Number         0  stm32l4xx_hal_dma.o ABSOLUTE
    ../Drivers/STM32L4xx_HAL_Driver/Src/stm32l4xx_hal_dma_ex.c 0x00000000   Number         0  stm32l4xx_hal_dma_ex.o ABSOLUTE
    ../Drivers/STM32L4xx_HAL_Driver/Src/stm32l4xx_hal_flash.c 0x00000000   Number         0  stm32l4xx_hal_flash.o ABSOLUTE
    ../Drivers/STM32L4xx_HAL_Driver/Src/stm32l4xx_hal_flash_ex.c 0x00000000   Number         0  stm32l4xx_hal_flash_ex.o ABSOLUTE
    ../Drivers/STM32L4xx_HAL_Driver/Src/stm32l4xx_hal_flash_ramfunc.c 0x00000000   Number         0  stm32l4xx_hal_flash_ramfunc.o ABSOLUTE
    ../Drivers/STM32L4xx_HAL_Driver/Src/stm32l4xx_hal_gpio.c 0x00000000   Number         0  stm32l4xx_hal_gpio.o ABSOLUTE
    ../Drivers/STM32L4xx_HAL_Driver/Src/stm32l4xx_hal_i2c.c 0x00000000   Number         0  stm32l4xx_hal_i2c.o ABSOLUTE
    ../Drivers/STM32L4xx_HAL_Driver/Src/stm32l4xx_hal_i2c_ex.c 0x00000000   Number         0  stm32l4xx_hal_i2c_ex.o ABSOLUTE
    ../Drivers/STM32L4xx_HAL_Driver/Src/stm32l4xx_hal_pwr.c 0x00000000   Number         0  stm32l4xx_hal_pwr.o ABSOLUTE
    ../Drivers/STM32L4xx_HAL_Driver/Src/stm32l4xx_hal_pwr_ex.c 0x00000000   Number         0  stm32l4xx_hal_pwr_ex.o ABSOLUTE
    ../Drivers/STM32L4xx_HAL_Driver/Src/stm32l4xx_hal_qspi.c 0x00000000   Number         0  stm32l4xx_hal_qspi.o ABSOLUTE
    ../Drivers/STM32L4xx_HAL_Driver/Src/stm32l4xx_hal_rcc.c 0x00000000   Number         0  stm32l4xx_hal_rcc.o ABSOLUTE
    ../Drivers/STM32L4xx_HAL_Driver/Src/stm32l4xx_hal_rcc_ex.c 0x00000000   Number         0  stm32l4xx_hal_rcc_ex.o ABSOLUTE
    ../Drivers/STM32L4xx_HAL_Driver/Src/stm32l4xx_hal_tim.c 0x00000000   Number         0  stm32l4xx_hal_tim.o ABSOLUTE
    ../Drivers/STM32L4xx_HAL_Driver/Src/stm32l4xx_hal_tim_ex.c 0x00000000   Number         0  stm32l4xx_hal_tim_ex.o ABSOLUTE
    ../Drivers/STM32L4xx_HAL_Driver/Src/stm32l4xx_hal_uart.c 0x00000000   Number         0  stm32l4xx_hal_uart.o ABSOLUTE
    ../Drivers/STM32L4xx_HAL_Driver/Src/stm32l4xx_hal_uart_ex.c 0x00000000   Number         0  stm32l4xx_hal_uart_ex.o ABSOLUTE
    ../Src/main.c                            0x00000000   Number         0  main.o ABSOLUTE
    ../Src/stm32l4xx_hal_msp.c               0x00000000   Number         0  stm32l4xx_hal_msp.o ABSOLUTE
    ../Src/stm32l4xx_it.c                    0x00000000   Number         0  stm32l4xx_it.o ABSOLUTE
    ../clib/microlib/division.c              0x00000000   Number         0  uldiv.o ABSOLUTE
    ../clib/microlib/division.c              0x00000000   Number         0  uidiv.o ABSOLUTE
    ../clib/microlib/init/entry.s            0x00000000   Number         0  entry11b.o ABSOLUTE
    ../clib/microlib/init/entry.s            0x00000000   Number         0  entry11a.o ABSOLUTE
    ../clib/microlib/init/entry.s            0x00000000   Number         0  entry9b.o ABSOLUTE
    ../clib/microlib/init/entry.s            0x00000000   Number         0  entry10a.o ABSOLUTE
    ../clib/microlib/init/entry.s            0x00000000   Number         0  entry10b.o ABSOLUTE
    ../clib/microlib/init/entry.s            0x00000000   Number         0  entry8b.o ABSOLUTE
    ../clib/microlib/init/entry.s            0x00000000   Number         0  entry8a.o ABSOLUTE
    ../clib/microlib/init/entry.s            0x00000000   Number         0  entry7b.o ABSOLUTE
    ../clib/microlib/init/entry.s            0x00000000   Number         0  entry7a.o ABSOLUTE
    ../clib/microlib/init/entry.s            0x00000000   Number         0  entry5.o ABSOLUTE
    ../clib/microlib/init/entry.s            0x00000000   Number         0  entry2.o ABSOLUTE
    ../clib/microlib/init/entry.s            0x00000000   Number         0  entry9a.o ABSOLUTE
    ../clib/microlib/init/entry.s            0x00000000   Number         0  entry.o ABSOLUTE
    ../clib/microlib/longlong.c              0x00000000   Number         0  llshl.o ABSOLUTE
    ../clib/microlib/longlong.c              0x00000000   Number         0  llushr.o ABSOLUTE
    ../clib/microlib/longlong.c              0x00000000   Number         0  llsshr.o ABSOLUTE
    ../clib/microlib/malloc/malloc.c         0x00000000   Number         0  mallocra.o ABSOLUTE
    ../clib/microlib/malloc/malloc.c         0x00000000   Number         0  malloca.o ABSOLUTE
    ../clib/microlib/malloc/malloc.c         0x00000000   Number         0  mallocr.o ABSOLUTE
    ../clib/microlib/malloc/malloc.c         0x00000000   Number         0  malloc.o ABSOLUTE
    ../clib/microlib/malloc/mvars.c          0x00000000   Number         0  mvars.o ABSOLUTE
    ../clib/microlib/printf/printf.c         0x00000000   Number         0  printf4.o ABSOLUTE
    ../clib/microlib/printf/printf.c         0x00000000   Number         0  printf6.o ABSOLUTE
    ../clib/microlib/printf/printf.c         0x00000000   Number         0  printf7.o ABSOLUTE
    ../clib/microlib/printf/printf.c         0x00000000   Number         0  printf2.o ABSOLUTE
    ../clib/microlib/printf/printf.c         0x00000000   Number         0  printf8.o ABSOLUTE
    ../clib/microlib/printf/printf.c         0x00000000   Number         0  printf5.o ABSOLUTE
    ../clib/microlib/printf/printf.c         0x00000000   Number         0  printf3.o ABSOLUTE
    ../clib/microlib/printf/printf.c         0x00000000   Number         0  printfa.o ABSOLUTE
    ../clib/microlib/printf/printf.c         0x00000000   Number         0  printf1.o ABSOLUTE
    ../clib/microlib/printf/printf.c         0x00000000   Number         0  printf0.o ABSOLUTE
    ../clib/microlib/printf/printf.c         0x00000000   Number         0  printfb.o ABSOLUTE
    ../clib/microlib/printf/stubs.s          0x00000000   Number         0  stubs.o ABSOLUTE
    ../clib/microlib/stdio/streams.c         0x00000000   Number         0  stdout.o ABSOLUTE
    ../clib/microlib/string/memcpy.c         0x00000000   Number         0  memcpyb.o ABSOLUTE
    ../clib/microlib/string/memcpy.c         0x00000000   Number         0  memcpya.o ABSOLUTE
    ../clib/microlib/string/memset.c         0x00000000   Number         0  memseta.o ABSOLUTE
    ../clib/microlib/string/strcpy.c         0x00000000   Number         0  strcpy.o ABSOLUTE
    ../clib/microlib/string/strlen.c         0x00000000   Number         0  strlen.o ABSOLUTE
    ../clib/microlib/stubs.s                 0x00000000   Number         0  iusefp.o ABSOLUTE
    ../fplib/microlib/fpadd.c                0x00000000   Number         0  dadd.o ABSOLUTE
    ../fplib/microlib/fpdiv.c                0x00000000   Number         0  ddiv.o ABSOLUTE
    ../fplib/microlib/fpepilogue.c           0x00000000   Number         0  depilogue.o ABSOLUTE
    ../fplib/microlib/fpfix.c                0x00000000   Number         0  dfixul.o ABSOLUTE
    ../fplib/microlib/fpmul.c                0x00000000   Number         0  dmul.o ABSOLUTE
    ..\..\..\sfud\src\sfud.c                 0x00000000   Number         0  sfud.o ABSOLUTE
    ..\..\..\sfud\src\sfud_sfdp.c            0x00000000   Number         0  sfud_sfdp.o ABSOLUTE
    ..\Drivers\STM32L4xx_HAL_Driver\Src\stm32l4xx_hal.c 0x00000000   Number         0  stm32l4xx_hal.o ABSOLUTE
    ..\Drivers\STM32L4xx_HAL_Driver\Src\stm32l4xx_hal_cortex.c 0x00000000   Number         0  stm32l4xx_hal_cortex.o ABSOLUTE
    ..\Drivers\STM32L4xx_HAL_Driver\Src\stm32l4xx_hal_dma.c 0x00000000   Number         0  stm32l4xx_hal_dma.o ABSOLUTE
    ..\Drivers\STM32L4xx_HAL_Driver\Src\stm32l4xx_hal_dma_ex.c 0x00000000   Number         0  stm32l4xx_hal_dma_ex.o ABSOLUTE
    ..\Drivers\STM32L4xx_HAL_Driver\Src\stm32l4xx_hal_flash.c 0x00000000   Number         0  stm32l4xx_hal_flash.o ABSOLUTE
    ..\Drivers\STM32L4xx_HAL_Driver\Src\stm32l4xx_hal_flash_ex.c 0x00000000   Number         0  stm32l4xx_hal_flash_ex.o ABSOLUTE
    ..\Drivers\STM32L4xx_HAL_Driver\Src\stm32l4xx_hal_flash_ramfunc.c 0x00000000   Number         0  stm32l4xx_hal_flash_ramfunc.o ABSOLUTE
    ..\Drivers\STM32L4xx_HAL_Driver\Src\stm32l4xx_hal_gpio.c 0x00000000   Number         0  stm32l4xx_hal_gpio.o ABSOLUTE
    ..\Drivers\STM32L4xx_HAL_Driver\Src\stm32l4xx_hal_i2c.c 0x00000000   Number         0  stm32l4xx_hal_i2c.o ABSOLUTE
    ..\Drivers\STM32L4xx_HAL_Driver\Src\stm32l4xx_hal_i2c_ex.c 0x00000000   Number         0  stm32l4xx_hal_i2c_ex.o ABSOLUTE
    ..\Drivers\STM32L4xx_HAL_Driver\Src\stm32l4xx_hal_pwr.c 0x00000000   Number         0  stm32l4xx_hal_pwr.o ABSOLUTE
    ..\Drivers\STM32L4xx_HAL_Driver\Src\stm32l4xx_hal_pwr_ex.c 0x00000000   Number         0  stm32l4xx_hal_pwr_ex.o ABSOLUTE
    ..\Drivers\STM32L4xx_HAL_Driver\Src\stm32l4xx_hal_qspi.c 0x00000000   Number         0  stm32l4xx_hal_qspi.o ABSOLUTE
    ..\Drivers\STM32L4xx_HAL_Driver\Src\stm32l4xx_hal_rcc.c 0x00000000   Number         0  stm32l4xx_hal_rcc.o ABSOLUTE
    ..\Drivers\STM32L4xx_HAL_Driver\Src\stm32l4xx_hal_rcc_ex.c 0x00000000   Number         0  stm32l4xx_hal_rcc_ex.o ABSOLUTE
    ..\Drivers\STM32L4xx_HAL_Driver\Src\stm32l4xx_hal_tim.c 0x00000000   Number         0  stm32l4xx_hal_tim.o ABSOLUTE
    ..\Drivers\STM32L4xx_HAL_Driver\Src\stm32l4xx_hal_tim_ex.c 0x00000000   Number         0  stm32l4xx_hal_tim_ex.o ABSOLUTE
    ..\Drivers\STM32L4xx_HAL_Driver\Src\stm32l4xx_hal_uart.c 0x00000000   Number         0  stm32l4xx_hal_uart.o ABSOLUTE
    ..\Drivers\STM32L4xx_HAL_Driver\Src\stm32l4xx_hal_uart_ex.c 0x00000000   Number         0  stm32l4xx_hal_uart_ex.o ABSOLUTE
    ..\Src\main.c                            0x00000000   Number         0  main.o ABSOLUTE
    ..\Src\stm32l4xx_hal_msp.c               0x00000000   Number         0  stm32l4xx_hal_msp.o ABSOLUTE
    ..\Src\stm32l4xx_it.c                    0x00000000   Number         0  stm32l4xx_it.o ABSOLUTE
    ..\\Src\system_stm32l4xx.c               0x00000000   Number         0  system_stm32l4xx.o ABSOLUTE
    ..\\components\\sfud\\port\\sfud_port.c  0x00000000   Number         0  sfud_port.o ABSOLUTE
    ..\components\sfud\port\sfud_port.c      0x00000000   Number         0  sfud_port.o ABSOLUTE
    cdrcmple.s                               0x00000000   Number         0  cdrcmple.o ABSOLUTE
    dc.s                                     0x00000000   Number         0  dc.o ABSOLUTE
    handlers.s                               0x00000000   Number         0  handlers.o ABSOLUTE
    init.s                                   0x00000000   Number         0  init.o ABSOLUTE
    startup_stm32l475xx.s                    0x00000000   Number         0  startup_stm32l475xx.o ABSOLUTE
    RESET                                    0x08000000   Section      392  startup_stm32l475xx.o(RESET)
    .ARM.Collect$$$$00000000                 0x08000188   Section        0  entry.o(.ARM.Collect$$$$00000000)
    .ARM.Collect$$$$00000001                 0x08000188   Section        4  entry2.o(.ARM.Collect$$$$00000001)
    .ARM.Collect$$$$00000004                 0x0800018c   Section        4  entry5.o(.ARM.Collect$$$$00000004)
    .ARM.Collect$$$$00000008                 0x08000190   Section        0  entry7b.o(.ARM.Collect$$$$00000008)
    .ARM.Collect$$$$0000000A                 0x08000190   Section        0  entry8b.o(.ARM.Collect$$$$0000000A)
    .ARM.Collect$$$$0000000B                 0x08000190   Section        8  entry9a.o(.ARM.Collect$$$$0000000B)
    .ARM.Collect$$$$0000000D                 0x08000198   Section        0  entry10a.o(.ARM.Collect$$$$0000000D)
    .ARM.Collect$$$$0000000F                 0x08000198   Section        0  entry11a.o(.ARM.Collect$$$$0000000F)
    .ARM.Collect$$$$00002712                 0x08000198   Section        4  entry2.o(.ARM.Collect$$$$00002712)
    __lit__00000000                          0x08000198   Data           4  entry2.o(.ARM.Collect$$$$00002712)
    .text                                    0x0800019c   Section       36  startup_stm32l475xx.o(.text)
    $v0                                      0x0800019c   Number         0  startup_stm32l475xx.o(.text)
    .text                                    0x080001c0   Section        0  uldiv.o(.text)
    .text                                    0x08000228   Section        0  memcpya.o(.text)
    .text                                    0x0800024c   Section        0  memseta.o(.text)
    .text                                    0x08000270   Section        0  strlen.o(.text)
    .text                                    0x0800027e   Section        0  strcpy.o(.text)
    .text                                    0x08000290   Section        0  uidiv.o(.text)
    .text                                    0x080002bc   Section        0  llshl.o(.text)
    .text                                    0x080002da   Section        0  llushr.o(.text)
    .text                                    0x080002fa   Section        0  dadd.o(.text)
    .text                                    0x080002fa   Section        0  iusefp.o(.text)
    .text                                    0x08000458   Section        0  dmul.o(.text)
    .text                                    0x08000542   Section        0  ddiv.o(.text)
    .text                                    0x08000620   Section        0  dfixul.o(.text)
    .text                                    0x08000650   Section       48  cdrcmple.o(.text)
    .text                                    0x08000680   Section       36  init.o(.text)
    .text                                    0x080006a4   Section        0  llsshr.o(.text)
    .text                                    0x080006c8   Section        0  depilogue.o(.text)
    i.BusFault_Handler                       0x08000782   Section        0  stm32l4xx_it.o(i.BusFault_Handler)
    i.DebugMon_Handler                       0x08000784   Section        0  stm32l4xx_it.o(i.DebugMon_Handler)
    i.HAL_DMA_Abort                          0x08000786   Section        0  stm32l4xx_hal_dma.o(i.HAL_DMA_Abort)
    i.HAL_GPIO_Init                          0x080007c0   Section        0  stm32l4xx_hal_gpio.o(i.HAL_GPIO_Init)
    i.HAL_GPIO_WritePin                      0x0800098a   Section        0  stm32l4xx_hal_gpio.o(i.HAL_GPIO_WritePin)
    i.HAL_GetTick                            0x08000994   Section        0  stm32l4xx_hal.o(i.HAL_GetTick)
    i.HAL_IncTick                            0x080009a0   Section        0  stm32l4xx_hal.o(i.HAL_IncTick)
    i.HAL_Init                               0x080009b0   Section        0  stm32l4xx_hal.o(i.HAL_Init)
    i.HAL_InitTick                           0x080009c8   Section        0  stm32l4xx_hal.o(i.HAL_InitTick)
    i.HAL_MspInit                            0x080009f0   Section        0  stm32l4xx_hal_msp.o(i.HAL_MspInit)
    i.HAL_NVIC_SetPriority                   0x08000a70   Section        0  stm32l4xx_hal_cortex.o(i.HAL_NVIC_SetPriority)
    i.HAL_NVIC_SetPriorityGrouping           0x08000ab0   Section        0  stm32l4xx_hal_cortex.o(i.HAL_NVIC_SetPriorityGrouping)
    i.HAL_PWREx_ControlVoltageScaling        0x08000ad4   Section        0  stm32l4xx_hal_pwr_ex.o(i.HAL_PWREx_ControlVoltageScaling)
    i.HAL_PWREx_GetVoltageRange              0x08000b38   Section        0  stm32l4xx_hal_pwr_ex.o(i.HAL_PWREx_GetVoltageRange)
    i.HAL_QSPI_Abort                         0x08000b48   Section        0  stm32l4xx_hal_qspi.o(i.HAL_QSPI_Abort)
    i.HAL_QSPI_Command                       0x08000bce   Section        0  stm32l4xx_hal_qspi.o(i.HAL_QSPI_Command)
    i.HAL_QSPI_Init                          0x08000c5c   Section        0  stm32l4xx_hal_qspi.o(i.HAL_QSPI_Init)
    i.HAL_QSPI_MspInit                       0x08000d0c   Section        0  stm32l4xx_hal_msp.o(i.HAL_QSPI_MspInit)
    i.HAL_QSPI_Receive                       0x08000d58   Section        0  stm32l4xx_hal_qspi.o(i.HAL_QSPI_Receive)
    i.HAL_QSPI_Transmit                      0x08000e24   Section        0  stm32l4xx_hal_qspi.o(i.HAL_QSPI_Transmit)
    i.HAL_RCCEx_PeriphCLKConfig              0x08000ee8   Section        0  stm32l4xx_hal_rcc_ex.o(i.HAL_RCCEx_PeriphCLKConfig)
    i.HAL_RCC_ClockConfig                    0x08001298   Section        0  stm32l4xx_hal_rcc.o(i.HAL_RCC_ClockConfig)
    i.HAL_RCC_GetHCLKFreq                    0x080013ac   Section        0  stm32l4xx_hal_rcc.o(i.HAL_RCC_GetHCLKFreq)
    i.HAL_RCC_GetPCLK1Freq                   0x080013b8   Section        0  stm32l4xx_hal_rcc.o(i.HAL_RCC_GetPCLK1Freq)
    i.HAL_RCC_GetPCLK2Freq                   0x080013d8   Section        0  stm32l4xx_hal_rcc.o(i.HAL_RCC_GetPCLK2Freq)
    i.HAL_RCC_GetSysClockFreq                0x080013f8   Section        0  stm32l4xx_hal_rcc.o(i.HAL_RCC_GetSysClockFreq)
    i.HAL_RCC_OscConfig                      0x080014bc   Section        0  stm32l4xx_hal_rcc.o(i.HAL_RCC_OscConfig)
    i.HAL_SYSTICK_CLKSourceConfig            0x08001928   Section        0  stm32l4xx_hal_cortex.o(i.HAL_SYSTICK_CLKSourceConfig)
    i.HAL_SYSTICK_Callback                   0x08001940   Section        0  stm32l4xx_hal_cortex.o(i.HAL_SYSTICK_Callback)
    i.HAL_SYSTICK_Config                     0x08001942   Section        0  stm32l4xx_hal_cortex.o(i.HAL_SYSTICK_Config)
    i.HAL_SYSTICK_IRQHandler                 0x0800196a   Section        0  stm32l4xx_hal_cortex.o(i.HAL_SYSTICK_IRQHandler)
    i.HAL_UART_Init                          0x08001972   Section        0  stm32l4xx_hal_uart.o(i.HAL_UART_Init)
    i.HAL_UART_MspInit                       0x080019dc   Section        0  stm32l4xx_hal_msp.o(i.HAL_UART_MspInit)
    i.HAL_UART_Transmit                      0x08001a28   Section        0  stm32l4xx_hal_uart.o(i.HAL_UART_Transmit)
    i.HardFault_Handler                      0x08001ad8   Section        0  stm32l4xx_it.o(i.HardFault_Handler)
    i.MX_USART1_UART_Init                    0x08001adc   Section        0  main.o(i.MX_USART1_UART_Init)
    MX_USART1_UART_Init                      0x08001add   Thumb Code    46  main.o(i.MX_USART1_UART_Init)
    i.MemManage_Handler                      0x08001b14   Section        0  stm32l4xx_it.o(i.MemManage_Handler)
    i.NMI_Handler                            0x08001b16   Section        0  stm32l4xx_it.o(i.NMI_Handler)
    i.NVIC_SetPriority                       0x08001b18   Section        0  stm32l4xx_hal_cortex.o(i.NVIC_SetPriority)
    NVIC_SetPriority                         0x08001b19   Thumb Code    32  stm32l4xx_hal_cortex.o(i.NVIC_SetPriority)
    i.PendSV_Handler                         0x08001b38   Section        0  stm32l4xx_it.o(i.PendSV_Handler)
    i.QSPI_Config                            0x08001b3a   Section        0  stm32l4xx_hal_qspi.o(i.QSPI_Config)
    QSPI_Config                              0x08001b3b   Thumb Code   350  stm32l4xx_hal_qspi.o(i.QSPI_Config)
    i.QSPI_WaitFlagStateUntilTimeout         0x08001c98   Section        0  stm32l4xx_hal_qspi.o(i.QSPI_WaitFlagStateUntilTimeout)
    QSPI_WaitFlagStateUntilTimeout           0x08001c99   Thumb Code    72  stm32l4xx_hal_qspi.o(i.QSPI_WaitFlagStateUntilTimeout)
    i.RCCEx_PLLSAI1_Config                   0x08001ce0   Section        0  stm32l4xx_hal_rcc_ex.o(i.RCCEx_PLLSAI1_Config)
    RCCEx_PLLSAI1_Config                     0x08001ce1   Thumb Code   278  stm32l4xx_hal_rcc_ex.o(i.RCCEx_PLLSAI1_Config)
    i.RCCEx_PLLSAI2_Config                   0x08001e0c   Section        0  stm32l4xx_hal_rcc_ex.o(i.RCCEx_PLLSAI2_Config)
    RCCEx_PLLSAI2_Config                     0x08001e0d   Thumb Code   250  stm32l4xx_hal_rcc_ex.o(i.RCCEx_PLLSAI2_Config)
    i.RCC_SetFlashLatencyFromMSIRange        0x08001f14   Section        0  stm32l4xx_hal_rcc.o(i.RCC_SetFlashLatencyFromMSIRange)
    RCC_SetFlashLatencyFromMSIRange          0x08001f15   Thumb Code   116  stm32l4xx_hal_rcc.o(i.RCC_SetFlashLatencyFromMSIRange)
    i.SVC_Handler                            0x08001f90   Section        0  stm32l4xx_it.o(i.SVC_Handler)
    i.SysTick_Handler                        0x08001f92   Section        0  stm32l4xx_it.o(i.SysTick_Handler)
    i.SystemClock_Config                     0x08001fa0   Section        0  main.o(i.SystemClock_Config)
    i.SystemInit                             0x08002024   Section        0  system_stm32l4xx.o(i.SystemInit)
    i.UART_AdvFeatureConfig                  0x08002068   Section        0  stm32l4xx_hal_uart.o(i.UART_AdvFeatureConfig)
    i.UART_CheckIdleState                    0x08002130   Section        0  stm32l4xx_hal_uart.o(i.UART_CheckIdleState)
    i.UART_SetConfig                         0x0800218c   Section        0  stm32l4xx_hal_uart.o(i.UART_SetConfig)
    i.UART_WaitOnFlagUntilTimeout            0x0800242c   Section        0  stm32l4xx_hal_uart.o(i.UART_WaitOnFlagUntilTimeout)
    i.UsageFault_Handler                     0x08002490   Section        0  stm32l4xx_it.o(i.UsageFault_Handler)
    i.__0printf                              0x08002494   Section        0  printfa.o(i.__0printf)
    i.__0vsnprintf                           0x080024b4   Section        0  printfa.o(i.__0vsnprintf)
    i.__scatterload_copy                     0x080024e0   Section       14  handlers.o(i.__scatterload_copy)
    i.__scatterload_null                     0x080024ee   Section        2  handlers.o(i.__scatterload_null)
    i.__scatterload_zeroinit                 0x080024f0   Section       14  handlers.o(i.__scatterload_zeroinit)
    i._fp_digits                             0x08002500   Section        0  printfa.o(i._fp_digits)
    _fp_digits                               0x08002501   Thumb Code   366  printfa.o(i._fp_digits)
    i._printf_core                           0x0800268c   Section        0  printfa.o(i._printf_core)
    _printf_core                             0x0800268d   Thumb Code  1744  printfa.o(i._printf_core)
    i._printf_post_padding                   0x08002d6e   Section        0  printfa.o(i._printf_post_padding)
    _printf_post_padding                     0x08002d6f   Thumb Code    36  printfa.o(i._printf_post_padding)
    i._printf_pre_padding                    0x08002d92   Section        0  printfa.o(i._printf_pre_padding)
    _printf_pre_padding                      0x08002d93   Thumb Code    46  printfa.o(i._printf_pre_padding)
    i._snputc                                0x08002dc0   Section        0  printfa.o(i._snputc)
    _snputc                                  0x08002dc1   Thumb Code    22  printfa.o(i._snputc)
    i.aai_write                              0x08002dd8   Section        0  sfud.o(i.aai_write)
    aai_write                                0x08002dd9   Thumb Code   322  sfud.o(i.aai_write)
    i.fputc                                  0x08002fd0   Section        0  sfud_port.o(i.fputc)
    i.free                                   0x08002fe8   Section        0  malloc.o(i.free)
    i.hardware_init                          0x08003038   Section        0  sfud.o(i.hardware_init)
    hardware_init                            0x08003039   Thumb Code   314  sfud.o(i.hardware_init)
    i.main                                   0x08003284   Section        0  main.o(i.main)
    i.make_adress_byte_array                 0x0800331c   Section        0  sfud.o(i.make_adress_byte_array)
    make_adress_byte_array                   0x0800331d   Thumb Code    82  sfud.o(i.make_adress_byte_array)
    i.malloc                                 0x080033c0   Section        0  malloc.o(i.malloc)
    i.page256_or_1_byte_write                0x0800342c   Section        0  sfud.o(i.page256_or_1_byte_write)
    page256_or_1_byte_write                  0x0800342d   Thumb Code   324  sfud.o(i.page256_or_1_byte_write)
    i.qspi_read                              0x0800364c   Section        0  sfud_port.o(i.qspi_read)
    qspi_read                                0x0800364d   Thumb Code   108  sfud_port.o(i.qspi_read)
    i.qspi_send                              0x080036d8   Section        0  sfud_port.o(i.qspi_send)
    i.qspi_send_cmd                          0x08003794   Section        0  sfud_port.o(i.qspi_send_cmd)
    qspi_send_cmd                            0x08003795   Thumb Code   186  sfud_port.o(i.qspi_send_cmd)
    i.qspi_send_then_recv                    0x08003854   Section        0  sfud_port.o(i.qspi_send_then_recv)
    i.qspi_set_read_cmd_format               0x08003910   Section        0  sfud.o(i.qspi_set_read_cmd_format)
    qspi_set_read_cmd_format                 0x08003911   Thumb Code    50  sfud.o(i.qspi_set_read_cmd_format)
    i.read_basic_header                      0x08003944   Section        0  sfud_sfdp.o(i.read_basic_header)
    read_basic_header                        0x08003945   Thumb Code   158  sfud_sfdp.o(i.read_basic_header)
    i.read_basic_table                       0x08003a84   Section        0  sfud_sfdp.o(i.read_basic_table)
    read_basic_table                         0x08003a85   Thumb Code   584  sfud_sfdp.o(i.read_basic_table)
    i.read_jedec_id                          0x08003f88   Section        0  sfud.o(i.read_jedec_id)
    read_jedec_id                            0x08003f89   Thumb Code   108  sfud.o(i.read_jedec_id)
    i.read_sfdp_data                         0x0800402c   Section        0  sfud_sfdp.o(i.read_sfdp_data)
    read_sfdp_data                           0x0800402d   Thumb Code   130  sfud_sfdp.o(i.read_sfdp_data)
    i.read_sfdp_header                       0x08004130   Section        0  sfud_sfdp.o(i.read_sfdp_header)
    read_sfdp_header                         0x08004131   Thumb Code   152  sfud_sfdp.o(i.read_sfdp_header)
    i.reset                                  0x080042b0   Section        0  sfud.o(i.reset)
    reset                                    0x080042b1   Thumb Code   136  sfud.o(i.reset)
    i.retry_delay_100us                      0x080043c0   Section        0  sfud_port.o(i.retry_delay_100us)
    retry_delay_100us                        0x080043c1   Thumb Code     8  sfud_port.o(i.retry_delay_100us)
    i.set_4_byte_address_mode                0x080043c8   Section        0  sfud.o(i.set_4_byte_address_mode)
    set_4_byte_address_mode                  0x080043c9   Thumb Code   116  sfud.o(i.set_4_byte_address_mode)
    i.set_write_enabled                      0x080044e4   Section        0  sfud.o(i.set_write_enabled)
    set_write_enabled                        0x080044e5   Thumb Code    96  sfud.o(i.set_write_enabled)
    i.sfud_chip_erase                        0x080045b0   Section        0  sfud.o(i.sfud_chip_erase)
    i.sfud_demo                              0x080046e8   Section        0  main.o(i.sfud_demo)
    i.sfud_device_init                       0x080048c4   Section        0  sfud.o(i.sfud_device_init)
    i.sfud_erase                             0x080049a4   Section        0  sfud.o(i.sfud_erase)
    i.sfud_flash_init                        0x08004ba4   Section        0  sfud_port.o(i.sfud_flash_init)
    i.sfud_log_debug                         0x08004c70   Section        0  sfud_port.o(i.sfud_log_debug)
    i.sfud_log_info                          0x08004cb8   Section        0  sfud_port.o(i.sfud_log_info)
    i.sfud_qspi_fast_read_enable             0x08004cf4   Section        0  sfud.o(i.sfud_qspi_fast_read_enable)
    i.sfud_read                              0x08004e60   Section        0  sfud.o(i.sfud_read)
    i.sfud_read_sfdp                         0x08004fc4   Section        0  sfud_sfdp.o(i.sfud_read_sfdp)
    i.sfud_read_status                       0x08005054   Section        0  sfud.o(i.sfud_read_status)
    i.sfud_sfdp_get_suitable_eraser          0x080050e8   Section        0  sfud_sfdp.o(i.sfud_sfdp_get_suitable_eraser)
    i.sfud_spi_port_init                     0x0800519c   Section        0  sfud_port.o(i.sfud_spi_port_init)
    i.sfud_write                             0x080051e0   Section        0  sfud.o(i.sfud_write)
    i.sfud_write_status                      0x0800520c   Section        0  sfud.o(i.sfud_write_status)
    i.spi_lock                               0x080052e8   Section        0  sfud_port.o(i.spi_lock)
    spi_lock                                 0x080052e9   Thumb Code     4  sfud_port.o(i.spi_lock)
    i.spi_unlock                             0x080052ec   Section        0  sfud_port.o(i.spi_unlock)
    spi_unlock                               0x080052ed   Thumb Code     4  sfud_port.o(i.spi_unlock)
    i.spi_write_read                         0x080052f0   Section        0  sfud_port.o(i.spi_write_read)
    spi_write_read                           0x080052f1   Thumb Code   124  sfud_port.o(i.spi_write_read)
    i.wait_busy                              0x080053cc   Section        0  sfud.o(i.wait_busy)
    wait_busy                                0x080053cd   Thumb Code    86  sfud.o(i.wait_busy)
    .constdata                               0x08005494   Section       64  system_stm32l4xx.o(.constdata)
    .constdata                               0x080054d4   Section        8  system_stm32l4xx.o(.constdata)
    .constdata                               0x080054dc   Section      112  sfud_sfdp.o(.constdata)
    __FUNCTION__                             0x080054dc   Data          15  sfud_sfdp.o(.constdata)
    __FUNCTION__                             0x080054eb   Data          17  sfud_sfdp.o(.constdata)
    __FUNCTION__                             0x080054fc   Data          18  sfud_sfdp.o(.constdata)
    __FUNCTION__                             0x0800550e   Data          17  sfud_sfdp.o(.constdata)
    __FUNCTION__                             0x0800551f   Data          15  sfud_sfdp.o(.constdata)
    __FUNCTION__                             0x0800552e   Data          30  sfud_sfdp.o(.constdata)
    .constdata                               0x0800554c   Section      434  sfud.o(.constdata)
    __FUNCTION__                             0x0800554c   Data           6  sfud.o(.constdata)
    mf_table                                 0x08005554   Data         128  sfud.o(.constdata)
    qspi_flash_ext_info_table                0x080055d4   Data          48  sfud.o(.constdata)
    __FUNCTION__                             0x08005604   Data          27  sfud.o(.constdata)
    __FUNCTION__                             0x0800561f   Data          14  sfud.o(.constdata)
    __FUNCTION__                             0x0800562d   Data          14  sfud.o(.constdata)
    __FUNCTION__                             0x0800563b   Data          10  sfud.o(.constdata)
    __FUNCTION__                             0x08005645   Data          16  sfud.o(.constdata)
    __FUNCTION__                             0x08005655   Data          11  sfud.o(.constdata)
    __FUNCTION__                             0x08005660   Data          24  sfud.o(.constdata)
    __FUNCTION__                             0x08005678   Data          10  sfud.o(.constdata)
    __FUNCTION__                             0x08005682   Data          14  sfud.o(.constdata)
    __FUNCTION__                             0x08005690   Data          18  sfud.o(.constdata)
    __FUNCTION__                             0x080056a2   Data          24  sfud.o(.constdata)
    __FUNCTION__                             0x080056ba   Data          17  sfud.o(.constdata)
    __FUNCTION__                             0x080056cb   Data          10  sfud.o(.constdata)
    __FUNCTION__                             0x080056d5   Data          23  sfud.o(.constdata)
    __FUNCTION__                             0x080056ec   Data          18  sfud.o(.constdata)
    .constdata                               0x080056fe   Section       15  sfud_port.o(.constdata)
    __FUNCTION__                             0x080056fe   Data          15  sfud_port.o(.constdata)
    .conststring                             0x08005710   Section      291  main.o(.conststring)
    .conststring                             0x08005834   Section      911  sfud_sfdp.o(.conststring)
    .conststring                             0x08005bc4   Section      221  sfud.o(.conststring)
    .data                                    0x20000000   Section        4  stm32l4xx_hal.o(.data)
    .data                                    0x20000004   Section        4  system_stm32l4xx.o(.data)
    .data                                    0x20000008   Section       16  sfud_port.o(.data)
    spi1                                     0x2000000c   Data          12  sfud_port.o(.data)
    .data                                    0x20000018   Section        4  stdout.o(.data)
    .data                                    0x2000001c   Section        4  mvars.o(.data)
    .data                                    0x20000020   Section        4  mvars.o(.data)
    .bss                                     0x20000024   Section     1212  main.o(.bss)
    sfud_demo_test_buf                       0x200000e0   Data        1024  main.o(.bss)
    .bss                                     0x200004e0   Section      256  sfud_port.o(.bss)
    log_buf                                  0x200004e0   Data         256  sfud_port.o(.bss)
    HEAP                                     0x200005e0   Section      512  startup_stm32l475xx.o(HEAP)
    STACK                                    0x200007e0   Section     1024  startup_stm32l475xx.o(STACK)

    Global Symbols

    Symbol Name                              Value     Ov Type        Size  Object(Section)

    BuildAttributes$$THM_ISAv4$E$P$D$K$B$S$7EM$VFPi3$EXTD16$VFPS$VFMA$PE$A:L22UL41UL21$X:L11$S22US41US21$IEEE1$IW$USESV6$~STKCKD$USESV7$~SHL$OSPACE$ROPI$EBA8$MICROLIB$REQ8$PRES8$EABIv2 0x00000000   Number         0  anon$$obj.o ABSOLUTE
    __ARM_use_no_argv                        0x00000000   Number         0  main.o ABSOLUTE
    _printf_a                                0x00000000   Number         0  stubs.o ABSOLUTE
    _printf_c                                0x00000000   Number         0  stubs.o ABSOLUTE
    _printf_charcount                        0x00000000   Number         0  stubs.o ABSOLUTE
    _printf_d                                0x00000000   Number         0  stubs.o ABSOLUTE
    _printf_e                                0x00000000   Number         0  stubs.o ABSOLUTE
    _printf_f                                0x00000000   Number         0  stubs.o ABSOLUTE
    _printf_flags                            0x00000000   Number         0  stubs.o ABSOLUTE
    _printf_fp_dec                           0x00000000   Number         0  stubs.o ABSOLUTE
    _printf_fp_hex                           0x00000000   Number         0  stubs.o ABSOLUTE
    _printf_g                                0x00000000   Number         0  stubs.o ABSOLUTE
    _printf_i                                0x00000000   Number         0  stubs.o ABSOLUTE
    _printf_int_dec                          0x00000000   Number         0  stubs.o ABSOLUTE
    _printf_l                                0x00000000   Number         0  stubs.o ABSOLUTE
    _printf_lc                               0x00000000   Number         0  stubs.o ABSOLUTE
    _printf_ll                               0x00000000   Number         0  stubs.o ABSOLUTE
    _printf_lld                              0x00000000   Number         0  stubs.o ABSOLUTE
    _printf_lli                              0x00000000   Number         0  stubs.o ABSOLUTE
    _printf_llo                              0x00000000   Number         0  stubs.o ABSOLUTE
    _printf_llu                              0x00000000   Number         0  stubs.o ABSOLUTE
    _printf_llx                              0x00000000   Number         0  stubs.o ABSOLUTE
    _printf_longlong_dec                     0x00000000   Number         0  stubs.o ABSOLUTE
    _printf_longlong_hex                     0x00000000   Number         0  stubs.o ABSOLUTE
    _printf_longlong_oct                     0x00000000   Number         0  stubs.o ABSOLUTE
    _printf_ls                               0x00000000   Number         0  stubs.o ABSOLUTE
    _printf_mbtowc                           0x00000000   Number         0  stubs.o ABSOLUTE
    _printf_n                                0x00000000   Number         0  stubs.o ABSOLUTE
    _printf_o                                0x00000000   Number         0  stubs.o ABSOLUTE
    _printf_p                                0x00000000   Number         0  stubs.o ABSOLUTE
    _printf_percent                          0x00000000   Number         0  stubs.o ABSOLUTE
    _printf_pre_padding                      0x00000000   Number         0  stubs.o ABSOLUTE
    _printf_return_value                     0x00000000   Number         0  stubs.o ABSOLUTE
    _printf_s                                0x00000000   Number         0  stubs.o ABSOLUTE
    _printf_sizespec                         0x00000000   Number         0  stubs.o ABSOLUTE
    _printf_str                              0x00000000   Number         0  stubs.o ABSOLUTE
    _printf_truncate_signed                  0x00000000   Number         0  stubs.o ABSOLUTE
    _printf_truncate_unsigned                0x00000000   Number         0  stubs.o ABSOLUTE
    _printf_u                                0x00000000   Number         0  stubs.o ABSOLUTE
    _printf_wc                               0x00000000   Number         0  stubs.o ABSOLUTE
    _printf_wctomb                           0x00000000   Number         0  stubs.o ABSOLUTE
    _printf_widthprec                        0x00000000   Number         0  stubs.o ABSOLUTE
    _printf_x                                0x00000000   Number         0  stubs.o ABSOLUTE
    __cpp_initialize__aeabi_                  - Undefined Weak Reference
    __cxa_finalize                            - Undefined Weak Reference
    __decompress                              - Undefined Weak Reference
    _clock_init                               - Undefined Weak Reference
    _microlib_exit                            - Undefined Weak Reference
    __Vectors_Size                           0x00000188   Number         0  startup_stm32l475xx.o ABSOLUTE
    __Vectors                                0x08000000   Data           4  startup_stm32l475xx.o(RESET)
    __Vectors_End                            0x08000188   Data           0  startup_stm32l475xx.o(RESET)
    __main                                   0x08000189   Thumb Code     0  entry.o(.ARM.Collect$$$$00000000)
    _main_stk                                0x08000189   Thumb Code     0  entry2.o(.ARM.Collect$$$$00000001)
    _main_scatterload                        0x0800018d   Thumb Code     0  entry5.o(.ARM.Collect$$$$00000004)
    __main_after_scatterload                 0x08000191   Thumb Code     0  entry5.o(.ARM.Collect$$$$00000004)
    _main_clock                              0x08000191   Thumb Code     0  entry7b.o(.ARM.Collect$$$$00000008)
    _main_cpp_init                           0x08000191   Thumb Code     0  entry8b.o(.ARM.Collect$$$$0000000A)
    _main_init                               0x08000191   Thumb Code     0  entry9a.o(.ARM.Collect$$$$0000000B)
    __rt_final_cpp                           0x08000199   Thumb Code     0  entry10a.o(.ARM.Collect$$$$0000000D)
    __rt_final_exit                          0x08000199   Thumb Code     0  entry11a.o(.ARM.Collect$$$$0000000F)
    Reset_Handler                            0x0800019d   Thumb Code     8  startup_stm32l475xx.o(.text)
    ADC1_2_IRQHandler                        0x080001b7   Thumb Code     0  startup_stm32l475xx.o(.text)
    ADC3_IRQHandler                          0x080001b7   Thumb Code     0  startup_stm32l475xx.o(.text)
    CAN1_RX0_IRQHandler                      0x080001b7   Thumb Code     0  startup_stm32l475xx.o(.text)
    CAN1_RX1_IRQHandler                      0x080001b7   Thumb Code     0  startup_stm32l475xx.o(.text)
    CAN1_SCE_IRQHandler                      0x080001b7   Thumb Code     0  startup_stm32l475xx.o(.text)
    CAN1_TX_IRQHandler                       0x080001b7   Thumb Code     0  startup_stm32l475xx.o(.text)
    COMP_IRQHandler                          0x080001b7   Thumb Code     0  startup_stm32l475xx.o(.text)
    DFSDM1_FLT0_IRQHandler                   0x080001b7   Thumb Code     0  startup_stm32l475xx.o(.text)
    DFSDM1_FLT1_IRQHandler                   0x080001b7   Thumb Code     0  startup_stm32l475xx.o(.text)
    DFSDM1_FLT2_IRQHandler                   0x080001b7   Thumb Code     0  startup_stm32l475xx.o(.text)
    DFSDM1_FLT3_IRQHandler                   0x080001b7   Thumb Code     0  startup_stm32l475xx.o(.text)
    DMA1_Channel1_IRQHandler                 0x080001b7   Thumb Code     0  startup_stm32l475xx.o(.text)
    DMA1_Channel2_IRQHandler                 0x080001b7   Thumb Code     0  startup_stm32l475xx.o(.text)
    DMA1_Channel3_IRQHandler                 0x080001b7   Thumb Code     0  startup_stm32l475xx.o(.text)
    DMA1_Channel4_IRQHandler                 0x080001b7   Thumb Code     0  startup_stm32l475xx.o(.text)
    DMA1_Channel5_IRQHandler                 0x080001b7   Thumb Code     0  startup_stm32l475xx.o(.text)
    DMA1_Channel6_IRQHandler                 0x080001b7   Thumb Code     0  startup_stm32l475xx.o(.text)
    DMA1_Channel7_IRQHandler                 0x080001b7   Thumb Code     0  startup_stm32l475xx.o(.text)
    DMA2_Channel1_IRQHandler                 0x080001b7   Thumb Code     0  startup_stm32l475xx.o(.text)
    DMA2_Channel2_IRQHandler                 0x080001b7   Thumb Code     0  startup_stm32l475xx.o(.text)
    DMA2_Channel3_IRQHandler                 0x080001b7   Thumb Code     0  startup_stm32l475xx.o(.text)
    DMA2_Channel4_IRQHandler                 0x080001b7   Thumb Code     0  startup_stm32l475xx.o(.text)
    DMA2_Channel5_IRQHandler                 0x080001b7   Thumb Code     0  startup_stm32l475xx.o(.text)
    DMA2_Channel6_IRQHandler                 0x080001b7   Thumb Code     0  startup_stm32l475xx.o(.text)
    DMA2_Channel7_IRQHandler                 0x080001b7   Thumb Code     0  startup_stm32l475xx.o(.text)
    EXTI0_IRQHandler                         0x080001b7   Thumb Code     0  startup_stm32l475xx.o(.text)
    EXTI15_10_IRQHandler                     0x080001b7   Thumb Code     0  startup_stm32l475xx.o(.text)
    EXTI1_IRQHandler                         0x080001b7   Thumb Code     0  startup_stm32l475xx.o(.text)
    EXTI2_IRQHandler                         0x080001b7   Thumb Code     0  startup_stm32l475xx.o(.text)
    EXTI3_IRQHandler                         0x080001b7   Thumb Code     0  startup_stm32l475xx.o(.text)
    EXTI4_IRQHandler                         0x080001b7   Thumb Code     0  startup_stm32l475xx.o(.text)
    EXTI9_5_IRQHandler                       0x080001b7   Thumb Code     0  startup_stm32l475xx.o(.text)
    FLASH_IRQHandler                         0x080001b7   Thumb Code     0  startup_stm32l475xx.o(.text)
    FMC_IRQHandler                           0x080001b7   Thumb Code     0  startup_stm32l475xx.o(.text)
    FPU_IRQHandler                           0x080001b7   Thumb Code     0  startup_stm32l475xx.o(.text)
    I2C1_ER_IRQHandler                       0x080001b7   Thumb Code     0  startup_stm32l475xx.o(.text)
    I2C1_EV_IRQHandler                       0x080001b7   Thumb Code     0  startup_stm32l475xx.o(.text)
    I2C2_ER_IRQHandler                       0x080001b7   Thumb Code     0  startup_stm32l475xx.o(.text)
    I2C2_EV_IRQHandler                       0x080001b7   Thumb Code     0  startup_stm32l475xx.o(.text)
    I2C3_ER_IRQHandler                       0x080001b7   Thumb Code     0  startup_stm32l475xx.o(.text)
    I2C3_EV_IRQHandler                       0x080001b7   Thumb Code     0  startup_stm32l475xx.o(.text)
    LPTIM1_IRQHandler                        0x080001b7   Thumb Code     0  startup_stm32l475xx.o(.text)
    LPTIM2_IRQHandler                        0x080001b7   Thumb Code     0  startup_stm32l475xx.o(.text)
    LPUART1_IRQHandler                       0x080001b7   Thumb Code     0  startup_stm32l475xx.o(.text)
    OTG_FS_IRQHandler                        0x080001b7   Thumb Code     0  startup_stm32l475xx.o(.text)
    PVD_PVM_IRQHandler                       0x080001b7   Thumb Code     0  startup_stm32l475xx.o(.text)
    QUADSPI_IRQHandler                       0x080001b7   Thumb Code     0  startup_stm32l475xx.o(.text)
    RCC_IRQHandler                           0x080001b7   Thumb Code     0  startup_stm32l475xx.o(.text)
    RNG_IRQHandler                           0x080001b7   Thumb Code     0  startup_stm32l475xx.o(.text)
    RTC_Alarm_IRQHandler                     0x080001b7   Thumb Code     0  startup_stm32l475xx.o(.text)
    RTC_WKUP_IRQHandler                      0x080001b7   Thumb Code     0  startup_stm32l475xx.o(.text)
    SAI1_IRQHandler                          0x080001b7   Thumb Code     0  startup_stm32l475xx.o(.text)
    SAI2_IRQHandler                          0x080001b7   Thumb Code     0  startup_stm32l475xx.o(.text)
    SDMMC1_IRQHandler                        0x080001b7   Thumb Code     0  startup_stm32l475xx.o(.text)
    SPI1_IRQHandler                          0x080001b7   Thumb Code     0  startup_stm32l475xx.o(.text)
    SPI2_IRQHandler                          0x080001b7   Thumb Code     0  startup_stm32l475xx.o(.text)
    SPI3_IRQHandler                          0x080001b7   Thumb Code     0  startup_stm32l475xx.o(.text)
    SWPMI1_IRQHandler                        0x080001b7   Thumb Code     0  startup_stm32l475xx.o(.text)
    TAMP_STAMP_IRQHandler                    0x080001b7   Thumb Code     0  startup_stm32l475xx.o(.text)
    TIM1_BRK_TIM15_IRQHandler                0x080001b7   Thumb Code     0  startup_stm32l475xx.o(.text)
    TIM1_CC_IRQHandler                       0x080001b7   Thumb Code     0  startup_stm32l475xx.o(.text)
    TIM1_TRG_COM_TIM17_IRQHandler            0x080001b7   Thumb Code     0  startup_stm32l475xx.o(.text)
    TIM1_UP_TIM16_IRQHandler                 0x080001b7   Thumb Code     0  startup_stm32l475xx.o(.text)
    TIM2_IRQHandler                          0x080001b7   Thumb Code     0  startup_stm32l475xx.o(.text)
    TIM3_IRQHandler                          0x080001b7   Thumb Code     0  startup_stm32l475xx.o(.text)
    TIM4_IRQHandler                          0x080001b7   Thumb Code     0  startup_stm32l475xx.o(.text)
    TIM5_IRQHandler                          0x080001b7   Thumb Code     0  startup_stm32l475xx.o(.text)
    TIM6_DAC_IRQHandler                      0x080001b7   Thumb Code     0  startup_stm32l475xx.o(.text)
    TIM7_IRQHandler                          0x080001b7   Thumb Code     0  startup_stm32l475xx.o(.text)
    TIM8_BRK_IRQHandler                      0x080001b7   Thumb Code     0  startup_stm32l475xx.o(.text)
    TIM8_CC_IRQHandler                       0x080001b7   Thumb Code     0  startup_stm32l475xx.o(.text)
    TIM8_TRG_COM_IRQHandler                  0x080001b7   Thumb Code     0  startup_stm32l475xx.o(.text)
    TIM8_UP_IRQHandler                       0x080001b7   Thumb Code     0  startup_stm32l475xx.o(.text)
    TSC_IRQHandler                           0x080001b7   Thumb Code     0  startup_stm32l475xx.o(.text)
    UART4_IRQHandler                         0x080001b7   Thumb Code     0  startup_stm32l475xx.o(.text)
    UART5_IRQHandler                         0x080001b7   Thumb Code     0  startup_stm32l475xx.o(.text)
    USART1_IRQHandler                        0x080001b7   Thumb Code     0  startup_stm32l475xx.o(.text)
    USART2_IRQHandler                        0x080001b7   Thumb Code     0  startup_stm32l475xx.o(.text)
    USART3_IRQHandler                        0x080001b7   Thumb Code     0  startup_stm32l475xx.o(.text)
    WWDG_IRQHandler                          0x080001b7   Thumb Code     0  startup_stm32l475xx.o(.text)
    __aeabi_uldivmod                         0x080001c1   Thumb Code    98  uldiv.o(.text)
    __aeabi_memcpy                           0x08000229   Thumb Code    36  memcpya.o(.text)
    __aeabi_memcpy4                          0x08000229   Thumb Code     0  memcpya.o(.text)
    __aeabi_memcpy8                          0x08000229   Thumb Code     0  memcpya.o(.text)
    __aeabi_memset                           0x0800024d   Thumb Code    14  memseta.o(.text)
    __aeabi_memset4                          0x0800024d   Thumb Code     0  memseta.o(.text)
    __aeabi_memset8                          0x0800024d   Thumb Code     0  memseta.o(.text)
    __aeabi_memclr                           0x0800025b   Thumb Code     4  memseta.o(.text)
    __aeabi_memclr4                          0x0800025b   Thumb Code     0  memseta.o(.text)
    __aeabi_memclr8                          0x0800025b   Thumb Code     0  memseta.o(.text)
    _memset$wrapper                          0x0800025f   Thumb Code    18  memseta.o(.text)
    strlen                                   0x08000271   Thumb Code    14  strlen.o(.text)
    strcpy                                   0x0800027f   Thumb Code    18  strcpy.o(.text)
    __aeabi_uidiv                            0x08000291   Thumb Code     0  uidiv.o(.text)
    __aeabi_uidivmod                         0x08000291   Thumb Code    44  uidiv.o(.text)
    __aeabi_llsl                             0x080002bd   Thumb Code    30  llshl.o(.text)
    _ll_shift_l                              0x080002bd   Thumb Code     0  llshl.o(.text)
    __aeabi_llsr                             0x080002db   Thumb Code    32  llushr.o(.text)
    _ll_ushift_r                             0x080002db   Thumb Code     0  llushr.o(.text)
    __I$use$fp                               0x080002fb   Thumb Code     0  iusefp.o(.text)
    __aeabi_dadd                             0x080002fb   Thumb Code   322  dadd.o(.text)
    __aeabi_dsub                             0x0800043d   Thumb Code     6  dadd.o(.text)
    __aeabi_drsub                            0x08000443   Thumb Code     6  dadd.o(.text)
    __aeabi_dmul                             0x08000459   Thumb Code   228  dmul.o(.text)
    __aeabi_ddiv                             0x08000543   Thumb Code   222  ddiv.o(.text)
    __aeabi_d2ulz                            0x08000621   Thumb Code    48  dfixul.o(.text)
    __aeabi_cdrcmple                         0x08000651   Thumb Code    48  cdrcmple.o(.text)
    __scatterload                            0x08000681   Thumb Code    28  init.o(.text)
    __scatterload_rt2                        0x08000681   Thumb Code     0  init.o(.text)
    __aeabi_lasr                             0x080006a5   Thumb Code    36  llsshr.o(.text)
    _ll_sshift_r                             0x080006a5   Thumb Code     0  llsshr.o(.text)
    _double_round                            0x080006c9   Thumb Code    30  depilogue.o(.text)
    _double_epilogue                         0x080006e7   Thumb Code   156  depilogue.o(.text)
    BusFault_Handler                         0x08000783   Thumb Code     2  stm32l4xx_it.o(i.BusFault_Handler)
    DebugMon_Handler                         0x08000785   Thumb Code     2  stm32l4xx_it.o(i.DebugMon_Handler)
    HAL_DMA_Abort                            0x08000787   Thumb Code    58  stm32l4xx_hal_dma.o(i.HAL_DMA_Abort)
    HAL_GPIO_Init                            0x080007c1   Thumb Code   414  stm32l4xx_hal_gpio.o(i.HAL_GPIO_Init)
    HAL_GPIO_WritePin                        0x0800098b   Thumb Code    10  stm32l4xx_hal_gpio.o(i.HAL_GPIO_WritePin)
    HAL_GetTick                              0x08000995   Thumb Code     6  stm32l4xx_hal.o(i.HAL_GetTick)
    HAL_IncTick                              0x080009a1   Thumb Code    10  stm32l4xx_hal.o(i.HAL_IncTick)
    HAL_Init                                 0x080009b1   Thumb Code    22  stm32l4xx_hal.o(i.HAL_Init)
    HAL_InitTick                             0x080009c9   Thumb Code    34  stm32l4xx_hal.o(i.HAL_InitTick)
    HAL_MspInit                              0x080009f1   Thumb Code   122  stm32l4xx_hal_msp.o(i.HAL_MspInit)
    HAL_NVIC_SetPriority                     0x08000a71   Thumb Code    60  stm32l4xx_hal_cortex.o(i.HAL_NVIC_SetPriority)
    HAL_NVIC_SetPriorityGrouping             0x08000ab1   Thumb Code    26  stm32l4xx_hal_cortex.o(i.HAL_NVIC_SetPriorityGrouping)
    HAL_PWREx_ControlVoltageScaling          0x08000ad5   Thumb Code    86  stm32l4xx_hal_pwr_ex.o(i.HAL_PWREx_ControlVoltageScaling)
    HAL_PWREx_GetVoltageRange                0x08000b39   Thumb Code    10  stm32l4xx_hal_pwr_ex.o(i.HAL_PWREx_GetVoltageRange)
    HAL_QSPI_Abort                           0x08000b49   Thumb Code   134  stm32l4xx_hal_qspi.o(i.HAL_QSPI_Abort)
    HAL_QSPI_Command                         0x08000bcf   Thumb Code   134  stm32l4xx_hal_qspi.o(i.HAL_QSPI_Command)
    HAL_QSPI_Init                            0x08000c5d   Thumb Code   166  stm32l4xx_hal_qspi.o(i.HAL_QSPI_Init)
    HAL_QSPI_MspInit                         0x08000d0d   Thumb Code    64  stm32l4xx_hal_msp.o(i.HAL_QSPI_MspInit)
    HAL_QSPI_Receive                         0x08000d59   Thumb Code   196  stm32l4xx_hal_qspi.o(i.HAL_QSPI_Receive)
    HAL_QSPI_Transmit                        0x08000e25   Thumb Code   188  stm32l4xx_hal_qspi.o(i.HAL_QSPI_Transmit)
    HAL_RCCEx_PeriphCLKConfig                0x08000ee9   Thumb Code   928  stm32l4xx_hal_rcc_ex.o(i.HAL_RCCEx_PeriphCLKConfig)
    HAL_RCC_ClockConfig                      0x08001299   Thumb Code   260  stm32l4xx_hal_rcc.o(i.HAL_RCC_ClockConfig)
    HAL_RCC_GetHCLKFreq                      0x080013ad   Thumb Code     6  stm32l4xx_hal_rcc.o(i.HAL_RCC_GetHCLKFreq)
    HAL_RCC_GetPCLK1Freq                     0x080013b9   Thumb Code    20  stm32l4xx_hal_rcc.o(i.HAL_RCC_GetPCLK1Freq)
    HAL_RCC_GetPCLK2Freq                     0x080013d9   Thumb Code    20  stm32l4xx_hal_rcc.o(i.HAL_RCC_GetPCLK2Freq)
    HAL_RCC_GetSysClockFreq                  0x080013f9   Thumb Code   182  stm32l4xx_hal_rcc.o(i.HAL_RCC_GetSysClockFreq)
    HAL_RCC_OscConfig                        0x080014bd   Thumb Code  1132  stm32l4xx_hal_rcc.o(i.HAL_RCC_OscConfig)
    HAL_SYSTICK_CLKSourceConfig              0x08001929   Thumb Code    24  stm32l4xx_hal_cortex.o(i.HAL_SYSTICK_CLKSourceConfig)
    HAL_SYSTICK_Callback                     0x08001941   Thumb Code     2  stm32l4xx_hal_cortex.o(i.HAL_SYSTICK_Callback)
    HAL_SYSTICK_Config                       0x08001943   Thumb Code    40  stm32l4xx_hal_cortex.o(i.HAL_SYSTICK_Config)
    HAL_SYSTICK_IRQHandler                   0x0800196b   Thumb Code     8  stm32l4xx_hal_cortex.o(i.HAL_SYSTICK_IRQHandler)
    HAL_UART_Init                            0x08001973   Thumb Code   106  stm32l4xx_hal_uart.o(i.HAL_UART_Init)
    HAL_UART_MspInit                         0x080019dd   Thumb Code    66  stm32l4xx_hal_msp.o(i.HAL_UART_MspInit)
    HAL_UART_Transmit                        0x08001a29   Thumb Code   176  stm32l4xx_hal_uart.o(i.HAL_UART_Transmit)
    HardFault_Handler                        0x08001ad9   Thumb Code     2  stm32l4xx_it.o(i.HardFault_Handler)
    MemManage_Handler                        0x08001b15   Thumb Code     2  stm32l4xx_it.o(i.MemManage_Handler)
    NMI_Handler                              0x08001b17   Thumb Code     2  stm32l4xx_it.o(i.NMI_Handler)
    PendSV_Handler                           0x08001b39   Thumb Code     2  stm32l4xx_it.o(i.PendSV_Handler)
    SVC_Handler                              0x08001f91   Thumb Code     2  stm32l4xx_it.o(i.SVC_Handler)
    SysTick_Handler                          0x08001f93   Thumb Code    14  stm32l4xx_it.o(i.SysTick_Handler)
    SystemClock_Config                       0x08001fa1   Thumb Code   132  main.o(i.SystemClock_Config)
    SystemInit                               0x08002025   Thumb Code    56  system_stm32l4xx.o(i.SystemInit)
    UART_AdvFeatureConfig                    0x08002069   Thumb Code   200  stm32l4xx_hal_uart.o(i.UART_AdvFeatureConfig)
    UART_CheckIdleState                      0x08002131   Thumb Code    92  stm32l4xx_hal_uart.o(i.UART_CheckIdleState)
    UART_SetConfig                           0x0800218d   Thumb Code   622  stm32l4xx_hal_uart.o(i.UART_SetConfig)
    UART_WaitOnFlagUntilTimeout              0x0800242d   Thumb Code   100  stm32l4xx_hal_uart.o(i.UART_WaitOnFlagUntilTimeout)
    UsageFault_Handler                       0x08002491   Thumb Code     2  stm32l4xx_it.o(i.UsageFault_Handler)
    __0printf                                0x08002495   Thumb Code    22  printfa.o(i.__0printf)
    __1printf                                0x08002495   Thumb Code     0  printfa.o(i.__0printf)
    __2printf                                0x08002495   Thumb Code     0  printfa.o(i.__0printf)
    __c89printf                              0x08002495   Thumb Code     0  printfa.o(i.__0printf)
    printf                                   0x08002495   Thumb Code     0  printfa.o(i.__0printf)
    __0vsnprintf                             0x080024b5   Thumb Code    40  printfa.o(i.__0vsnprintf)
    __1vsnprintf                             0x080024b5   Thumb Code     0  printfa.o(i.__0vsnprintf)
    __2vsnprintf                             0x080024b5   Thumb Code     0  printfa.o(i.__0vsnprintf)
    __c89vsnprintf                           0x080024b5   Thumb Code     0  printfa.o(i.__0vsnprintf)
    vsnprintf                                0x080024b5   Thumb Code     0  printfa.o(i.__0vsnprintf)
    __scatterload_copy                       0x080024e1   Thumb Code    14  handlers.o(i.__scatterload_copy)
    __scatterload_null                       0x080024ef   Thumb Code     2  handlers.o(i.__scatterload_null)
    __scatterload_zeroinit                   0x080024f1   Thumb Code    14  handlers.o(i.__scatterload_zeroinit)
    fputc                                    0x08002fd1   Thumb Code    20  sfud_port.o(i.fputc)
    free                                     0x08002fe9   Thumb Code    76  malloc.o(i.free)
    main                                     0x08003285   Thumb Code   128  main.o(i.main)
    malloc                                   0x080033c1   Thumb Code    92  malloc.o(i.malloc)
    qspi_send                                0x080036d9   Thumb Code   154  sfud_port.o(i.qspi_send)
    qspi_send_then_recv                      0x08003855   Thumb Code   156  sfud_port.o(i.qspi_send_then_recv)
    sfud_chip_erase                          0x080045b1   Thumb Code   174  sfud.o(i.sfud_chip_erase)
    sfud_demo                                0x080046e9   Thumb Code   232  main.o(i.sfud_demo)
    sfud_device_init                         0x080048c5   Thumb Code    66  sfud.o(i.sfud_device_init)
    sfud_erase                               0x080049a5   Thumb Code   330  sfud.o(i.sfud_erase)
    sfud_flash_init                          0x08004ba5   Thumb Code   114  sfud_port.o(i.sfud_flash_init)
    sfud_log_debug                           0x08004c71   Thumb Code    44  sfud_port.o(i.sfud_log_debug)
    sfud_log_info                            0x08004cb9   Thumb Code    40  sfud_port.o(i.sfud_log_info)
    sfud_qspi_fast_read_enable               0x08004cf5   Thumb Code   230  sfud.o(i.sfud_qspi_fast_read_enable)
    sfud_read                                0x08004e61   Thumb Code   210  sfud.o(i.sfud_read)
    sfud_read_sfdp                           0x08004fc5   Thumb Code    62  sfud_sfdp.o(i.sfud_read_sfdp)
    sfud_read_status                         0x08005055   Thumb Code    66  sfud.o(i.sfud_read_status)
    sfud_sfdp_get_suitable_eraser            0x080050e9   Thumb Code    86  sfud_sfdp.o(i.sfud_sfdp_get_suitable_eraser)
    sfud_spi_port_init                       0x0800519d   Thumb Code    38  sfud_port.o(i.sfud_spi_port_init)
    sfud_write                               0x080051e1   Thumb Code    42  sfud.o(i.sfud_write)
    sfud_write_status                        0x0800520d   Thumb Code   108  sfud.o(i.sfud_write_status)
    AHBPrescTable                            0x08005494   Data          16  system_stm32l4xx.o(.constdata)
    MSIRangeTable                            0x080054a4   Data          48  system_stm32l4xx.o(.constdata)
    APBPrescTable                            0x080054d4   Data           8  system_stm32l4xx.o(.constdata)
    Region$$Table$$Base                      0x08005ca4   Number         0  anon$$obj.o(Region$$Table)
    Region$$Table$$Limit                     0x08005cc4   Number         0  anon$$obj.o(Region$$Table)
    uwTick                                   0x20000000   Data           4  stm32l4xx_hal.o(.data)
    SystemCoreClock                          0x20000004   Data           4  system_stm32l4xx.o(.data)
    sfud_dev                                 0x20000008   Data           4  sfud_port.o(.data)
    __stdout                                 0x20000018   Data           4  stdout.o(.data)
    __microlib_freelist                      0x2000001c   Data           4  mvars.o(.data)
    __microlib_freelist_initialised          0x20000020   Data           4  mvars.o(.data)
    hqspi                                    0x20000024   Data          68  main.o(.bss)
    huart1                                   0x20000068   Data         120  main.o(.bss)
    __heap_base                              0x200005e0   Data           0  startup_stm32l475xx.o(HEAP)
    __heap_limit                             0x200007e0   Data           0  startup_stm32l475xx.o(HEAP)
    __initial_sp                             0x20000be0   Data           0  startup_stm32l475xx.o(STACK)



==============================================================================

Memory Map of the image

  Image Entry point : 0x08000189

  Load Region LR_IROM1 (Base: 0x08000000, Size: 0x00005ce8, Max: 0x00080000, ABSOLUTE)

    Execution Region ER_IROM1 (Exec base: 0x08000000, Load base: 0x08000000, Size: 0x00005cc4, Max: 0x00080000, ABSOLUTE)

    Exec Addr    Load Addr    Size         Type   Attr      Idx    E Section Name        Object

    0x08000000   0x08000000   0x00000188   Data   RO            3    RESET               startup_stm32l475xx.o
    0x08000188   0x08000188   0x00000000   Code   RO         3198  * .ARM.Collect$$$$00000000  mc_w.l(entry.o)
    0x08000188   0x08000188   0x00000004   Code   RO         3502    .ARM.Collect$$$$00000001  mc_w.l(entry2.o)
    0x0800018c   0x0800018c   0x00000004   Code   RO         3505    .ARM.Collect$$$$00000004  mc_w.l(entry5.o)
    0x08000190   0x08000190   0x00000000   Code   RO         3507    .ARM.Collect$$$$00000008  mc_w.l(entry7b.o)
    0x08000190   0x08000190   0x00000000   Code   RO         3509    .ARM.Collect$$$$0000000A  mc_w.l(entry8b.o)
    0x08000190   0x08000190   0x00000008   Code   RO         3510    .ARM.Collect$$$$0000000B  mc_w.l(entry9a.o)
    0x08000198   0x08000198   0x00000000   Code   RO         3512    .ARM.Collect$$$$0000000D  mc_w.l(entry10a.o)
    0x08000198   0x08000198   0x00000000   Code   RO         3514    .ARM.Collect$$$$0000000F  mc_w.l(entry11a.o)
    0x08000198   0x08000198   0x00000004   Code   RO         3503    .ARM.Collect$$$$00002712  mc_w.l(entry2.o)
    0x0800019c   0x0800019c   0x00000024   Code   RO            4    .text               startup_stm32l475xx.o
    0x080001c0   0x080001c0   0x00000068   Code   RO         3201    .text               mc_w.l(uldiv.o)
    0x08000228   0x08000228   0x00000024   Code   RO         3203    .text               mc_w.l(memcpya.o)
    0x0800024c   0x0800024c   0x00000024   Code   RO         3205    .text               mc_w.l(memseta.o)
    0x08000270   0x08000270   0x0000000e   Code   RO         3207    .text               mc_w.l(strlen.o)
    0x0800027e   0x0800027e   0x00000012   Code   RO         3209    .text               mc_w.l(strcpy.o)
    0x08000290   0x08000290   0x0000002c   Code   RO         3517    .text               mc_w.l(uidiv.o)
    0x080002bc   0x080002bc   0x0000001e   Code   RO         3519    .text               mc_w.l(llshl.o)
    0x080002da   0x080002da   0x00000020   Code   RO         3521    .text               mc_w.l(llushr.o)
    0x080002fa   0x080002fa   0x00000000   Code   RO         3525    .text               mc_w.l(iusefp.o)
    0x080002fa   0x080002fa   0x0000015e   Code   RO         3526    .text               mf_w.l(dadd.o)
    0x08000458   0x08000458   0x000000ea   Code   RO         3528    .text               mf_w.l(dmul.o)
    0x08000542   0x08000542   0x000000de   Code   RO         3530    .text               mf_w.l(ddiv.o)
    0x08000620   0x08000620   0x00000030   Code   RO         3532    .text               mf_w.l(dfixul.o)
    0x08000650   0x08000650   0x00000030   Code   RO         3534    .text               mf_w.l(cdrcmple.o)
    0x08000680   0x08000680   0x00000024   Code   RO         3536    .text               mc_w.l(init.o)
    0x080006a4   0x080006a4   0x00000024   Code   RO         3538    .text               mc_w.l(llsshr.o)
    0x080006c8   0x080006c8   0x000000ba   Code   RO         3540    .text               mf_w.l(depilogue.o)
    0x08000782   0x08000782   0x00000002   Code   RO          182    i.BusFault_Handler  stm32l4xx_it.o
    0x08000784   0x08000784   0x00000002   Code   RO          183    i.DebugMon_Handler  stm32l4xx_it.o
    0x08000786   0x08000786   0x0000003a   Code   RO         2261    i.HAL_DMA_Abort     stm32l4xx_hal_dma.o
    0x080007c0   0x080007c0   0x000001ca   Code   RO         2197    i.HAL_GPIO_Init     stm32l4xx_hal_gpio.o
    0x0800098a   0x0800098a   0x0000000a   Code   RO         2201    i.HAL_GPIO_WritePin  stm32l4xx_hal_gpio.o
    0x08000994   0x08000994   0x0000000c   Code   RO         1030    i.HAL_GetTick       stm32l4xx_hal.o
    0x080009a0   0x080009a0   0x00000010   Code   RO         1034    i.HAL_IncTick       stm32l4xx_hal.o
    0x080009b0   0x080009b0   0x00000016   Code   RO         1035    i.HAL_Init          stm32l4xx_hal.o
    0x080009c6   0x080009c6   0x00000002   PAD
    0x080009c8   0x080009c8   0x00000028   Code   RO         1036    i.HAL_InitTick      stm32l4xx_hal.o
    0x080009f0   0x080009f0   0x00000080   Code   RO          257    i.HAL_MspInit       stm32l4xx_hal_msp.o
    0x08000a70   0x08000a70   0x00000040   Code   RO         2744    i.HAL_NVIC_SetPriority  stm32l4xx_hal_cortex.o
    0x08000ab0   0x08000ab0   0x00000024   Code   RO         2745    i.HAL_NVIC_SetPriorityGrouping  stm32l4xx_hal_cortex.o
    0x08000ad4   0x08000ad4   0x00000064   Code   RO         2488    i.HAL_PWREx_ControlVoltageScaling  stm32l4xx_hal_pwr_ex.o
    0x08000b38   0x08000b38   0x00000010   Code   RO         2519    i.HAL_PWREx_GetVoltageRange  stm32l4xx_hal_pwr_ex.o
    0x08000b48   0x08000b48   0x00000086   Code   RO          305    i.HAL_QSPI_Abort    stm32l4xx_hal_qspi.o
    0x08000bce   0x08000bce   0x0000008c   Code   RO          311    i.HAL_QSPI_Command  stm32l4xx_hal_qspi.o
    0x08000c5a   0x08000c5a   0x00000002   PAD
    0x08000c5c   0x08000c5c   0x000000b0   Code   RO          320    i.HAL_QSPI_Init     stm32l4xx_hal_qspi.o
    0x08000d0c   0x08000d0c   0x0000004c   Code   RO          259    i.HAL_QSPI_MspInit  stm32l4xx_hal_msp.o
    0x08000d58   0x08000d58   0x000000ca   Code   RO          324    i.HAL_QSPI_Receive  stm32l4xx_hal_qspi.o
    0x08000e22   0x08000e22   0x00000002   PAD
    0x08000e24   0x08000e24   0x000000c2   Code   RO          333    i.HAL_QSPI_Transmit  stm32l4xx_hal_qspi.o
    0x08000ee6   0x08000ee6   0x00000002   PAD
    0x08000ee8   0x08000ee8   0x000003ae   Code   RO         1859    i.HAL_RCCEx_PeriphCLKConfig  stm32l4xx_hal_rcc_ex.o
    0x08001296   0x08001296   0x00000002   PAD
    0x08001298   0x08001298   0x00000114   Code   RO         1744    i.HAL_RCC_ClockConfig  stm32l4xx_hal_rcc.o
    0x080013ac   0x080013ac   0x0000000c   Code   RO         1748    i.HAL_RCC_GetHCLKFreq  stm32l4xx_hal_rcc.o
    0x080013b8   0x080013b8   0x00000020   Code   RO         1750    i.HAL_RCC_GetPCLK1Freq  stm32l4xx_hal_rcc.o
    0x080013d8   0x080013d8   0x00000020   Code   RO         1751    i.HAL_RCC_GetPCLK2Freq  stm32l4xx_hal_rcc.o
    0x080013f8   0x080013f8   0x000000c4   Code   RO         1752    i.HAL_RCC_GetSysClockFreq  stm32l4xx_hal_rcc.o
    0x080014bc   0x080014bc   0x0000046c   Code   RO         1755    i.HAL_RCC_OscConfig  stm32l4xx_hal_rcc.o
    0x08001928   0x08001928   0x00000018   Code   RO         2747    i.HAL_SYSTICK_CLKSourceConfig  stm32l4xx_hal_cortex.o
    0x08001940   0x08001940   0x00000002   Code   RO         2748    i.HAL_SYSTICK_Callback  stm32l4xx_hal_cortex.o
    0x08001942   0x08001942   0x00000028   Code   RO         2749    i.HAL_SYSTICK_Config  stm32l4xx_hal_cortex.o
    0x0800196a   0x0800196a   0x00000008   Code   RO         2750    i.HAL_SYSTICK_IRQHandler  stm32l4xx_hal_cortex.o
    0x08001972   0x08001972   0x0000006a   Code   RO          623    i.HAL_UART_Init     stm32l4xx_hal_uart.o
    0x080019dc   0x080019dc   0x0000004c   Code   RO          261    i.HAL_UART_MspInit  stm32l4xx_hal_msp.o
    0x08001a28   0x08001a28   0x000000b0   Code   RO          631    i.HAL_UART_Transmit  stm32l4xx_hal_uart.o
    0x08001ad8   0x08001ad8   0x00000002   Code   RO          184    i.HardFault_Handler  stm32l4xx_it.o
    0x08001ada   0x08001ada   0x00000002   PAD
    0x08001adc   0x08001adc   0x00000038   Code   RO           13    i.MX_USART1_UART_Init  main.o
    0x08001b14   0x08001b14   0x00000002   Code   RO          185    i.MemManage_Handler  stm32l4xx_it.o
    0x08001b16   0x08001b16   0x00000002   Code   RO          186    i.NMI_Handler       stm32l4xx_it.o
    0x08001b18   0x08001b18   0x00000020   Code   RO         2751    i.NVIC_SetPriority  stm32l4xx_hal_cortex.o
    0x08001b38   0x08001b38   0x00000002   Code   RO          187    i.PendSV_Handler    stm32l4xx_it.o
    0x08001b3a   0x08001b3a   0x0000015e   Code   RO          338    i.QSPI_Config       stm32l4xx_hal_qspi.o
    0x08001c98   0x08001c98   0x00000048   Code   RO          345    i.QSPI_WaitFlagStateUntilTimeout  stm32l4xx_hal_qspi.o
    0x08001ce0   0x08001ce0   0x0000012c   Code   RO         1862    i.RCCEx_PLLSAI1_Config  stm32l4xx_hal_rcc_ex.o
    0x08001e0c   0x08001e0c   0x00000108   Code   RO         1863    i.RCCEx_PLLSAI2_Config  stm32l4xx_hal_rcc_ex.o
    0x08001f14   0x08001f14   0x0000007c   Code   RO         1756    i.RCC_SetFlashLatencyFromMSIRange  stm32l4xx_hal_rcc.o
    0x08001f90   0x08001f90   0x00000002   Code   RO          188    i.SVC_Handler       stm32l4xx_it.o
    0x08001f92   0x08001f92   0x0000000e   Code   RO          189    i.SysTick_Handler   stm32l4xx_it.o
    0x08001fa0   0x08001fa0   0x00000084   Code   RO           14    i.SystemClock_Config  main.o
    0x08002024   0x08002024   0x00000044   Code   RO         2869    i.SystemInit        system_stm32l4xx.o
    0x08002068   0x08002068   0x000000c8   Code   RO          636    i.UART_AdvFeatureConfig  stm32l4xx_hal_uart.o
    0x08002130   0x08002130   0x0000005c   Code   RO          637    i.UART_CheckIdleState  stm32l4xx_hal_uart.o
    0x0800218c   0x0800218c   0x000002a0   Code   RO          652    i.UART_SetConfig    stm32l4xx_hal_uart.o
    0x0800242c   0x0800242c   0x00000064   Code   RO          655    i.UART_WaitOnFlagUntilTimeout  stm32l4xx_hal_uart.o
    0x08002490   0x08002490   0x00000002   Code   RO          190    i.UsageFault_Handler  stm32l4xx_it.o
    0x08002492   0x08002492   0x00000002   PAD
    0x08002494   0x08002494   0x00000020   Code   RO         3446    i.__0printf         mc_w.l(printfa.o)
    0x080024b4   0x080024b4   0x0000002c   Code   RO         3451    i.__0vsnprintf      mc_w.l(printfa.o)
    0x080024e0   0x080024e0   0x0000000e   Code   RO         3544    i.__scatterload_copy  mc_w.l(handlers.o)
    0x080024ee   0x080024ee   0x00000002   Code   RO         3545    i.__scatterload_null  mc_w.l(handlers.o)
    0x080024f0   0x080024f0   0x0000000e   Code   RO         3546    i.__scatterload_zeroinit  mc_w.l(handlers.o)
    0x080024fe   0x080024fe   0x00000002   PAD
    0x08002500   0x08002500   0x0000018a   Code   RO         3453    i._fp_digits        mc_w.l(printfa.o)
    0x0800268a   0x0800268a   0x00000002   PAD
    0x0800268c   0x0800268c   0x000006e2   Code   RO         3454    i._printf_core      mc_w.l(printfa.o)
    0x08002d6e   0x08002d6e   0x00000024   Code   RO         3455    i._printf_post_padding  mc_w.l(printfa.o)
    0x08002d92   0x08002d92   0x0000002e   Code   RO         3456    i._printf_pre_padding  mc_w.l(printfa.o)
    0x08002dc0   0x08002dc0   0x00000016   Code   RO         3457    i._snputc           mc_w.l(printfa.o)
    0x08002dd6   0x08002dd6   0x00000002   PAD
    0x08002dd8   0x08002dd8   0x000001f6   Code   RO         2952    i.aai_write         sfud.o
    0x08002fce   0x08002fce   0x00000002   PAD
    0x08002fd0   0x08002fd0   0x00000018   Code   RO         3096    i.fputc             sfud_port.o
    0x08002fe8   0x08002fe8   0x00000050   Code   RO         3474    i.free              mc_w.l(malloc.o)
    0x08003038   0x08003038   0x0000024c   Code   RO         2953    i.hardware_init     sfud.o
    0x08003284   0x08003284   0x00000098   Code   RO           16    i.main              main.o
    0x0800331c   0x0800331c   0x000000a4   Code   RO         2954    i.make_adress_byte_array  sfud.o
    0x080033c0   0x080033c0   0x0000006c   Code   RO         3475    i.malloc            mc_w.l(malloc.o)
    0x0800342c   0x0800342c   0x0000021e   Code   RO         2955    i.page256_or_1_byte_write  sfud.o
    0x0800364a   0x0800364a   0x00000002   PAD
    0x0800364c   0x0800364c   0x0000008c   Code   RO         3097    i.qspi_read         sfud_port.o
    0x080036d8   0x080036d8   0x000000bc   Code   RO         3098    i.qspi_send         sfud_port.o
    0x08003794   0x08003794   0x000000c0   Code   RO         3099    i.qspi_send_cmd     sfud_port.o
    0x08003854   0x08003854   0x000000bc   Code   RO         3100    i.qspi_send_then_recv  sfud_port.o
    0x08003910   0x08003910   0x00000032   Code   RO         2956    i.qspi_set_read_cmd_format  sfud.o
    0x08003942   0x08003942   0x00000002   PAD
    0x08003944   0x08003944   0x00000140   Code   RO         2903    i.read_basic_header  sfud_sfdp.o
    0x08003a84   0x08003a84   0x00000504   Code   RO         2904    i.read_basic_table  sfud_sfdp.o
    0x08003f88   0x08003f88   0x000000a4   Code   RO         2957    i.read_jedec_id     sfud.o
    0x0800402c   0x0800402c   0x00000104   Code   RO         2905    i.read_sfdp_data    sfud_sfdp.o
    0x08004130   0x08004130   0x00000180   Code   RO         2906    i.read_sfdp_header  sfud_sfdp.o
    0x080042b0   0x080042b0   0x00000110   Code   RO         2958    i.reset             sfud.o
    0x080043c0   0x080043c0   0x00000008   Code   RO         3101    i.retry_delay_100us  sfud_port.o
    0x080043c8   0x080043c8   0x0000011c   Code   RO         2959    i.set_4_byte_address_mode  sfud.o
    0x080044e4   0x080044e4   0x000000cc   Code   RO         2960    i.set_write_enabled  sfud.o
    0x080045b0   0x080045b0   0x00000138   Code   RO         2961    i.sfud_chip_erase   sfud.o
    0x080046e8   0x080046e8   0x000001dc   Code   RO           17    i.sfud_demo         main.o
    0x080048c4   0x080048c4   0x000000e0   Code   RO         2962    i.sfud_device_init  sfud.o
    0x080049a4   0x080049a4   0x000001fe   Code   RO         2963    i.sfud_erase        sfud.o
    0x08004ba2   0x08004ba2   0x00000002   PAD
    0x08004ba4   0x08004ba4   0x000000cc   Code   RO         3102    i.sfud_flash_init   sfud_port.o
    0x08004c70   0x08004c70   0x00000048   Code   RO         3103    i.sfud_log_debug    sfud_port.o
    0x08004cb8   0x08004cb8   0x0000003c   Code   RO         3104    i.sfud_log_info     sfud_port.o
    0x08004cf4   0x08004cf4   0x0000016c   Code   RO         2969    i.sfud_qspi_fast_read_enable  sfud.o
    0x08004e60   0x08004e60   0x00000162   Code   RO         2970    i.sfud_read         sfud.o
    0x08004fc2   0x08004fc2   0x00000002   PAD
    0x08004fc4   0x08004fc4   0x00000090   Code   RO         2907    i.sfud_read_sfdp    sfud_sfdp.o
    0x08005054   0x08005054   0x00000094   Code   RO         2971    i.sfud_read_status  sfud.o
    0x080050e8   0x080050e8   0x000000b4   Code   RO         2908    i.sfud_sfdp_get_suitable_eraser  sfud_sfdp.o
    0x0800519c   0x0800519c   0x00000044   Code   RO         3105    i.sfud_spi_port_init  sfud_port.o
    0x080051e0   0x080051e0   0x0000002a   Code   RO         2972    i.sfud_write        sfud.o
    0x0800520a   0x0800520a   0x00000002   PAD
    0x0800520c   0x0800520c   0x000000dc   Code   RO         2973    i.sfud_write_status  sfud.o
    0x080052e8   0x080052e8   0x00000004   Code   RO         3106    i.spi_lock          sfud_port.o
    0x080052ec   0x080052ec   0x00000004   Code   RO         3107    i.spi_unlock        sfud_port.o
    0x080052f0   0x080052f0   0x000000dc   Code   RO         3108    i.spi_write_read    sfud_port.o
    0x080053cc   0x080053cc   0x000000c8   Code   RO         2974    i.wait_busy         sfud.o
    0x08005494   0x08005494   0x00000040   Data   RO         2870    .constdata          system_stm32l4xx.o
    0x080054d4   0x080054d4   0x00000008   Data   RO         2871    .constdata          system_stm32l4xx.o
    0x080054dc   0x080054dc   0x00000070   Data   RO         2909    .constdata          sfud_sfdp.o
    0x0800554c   0x0800554c   0x000001b2   Data   RO         2975    .constdata          sfud.o
    0x080056fe   0x080056fe   0x0000000f   Data   RO         3110    .constdata          sfud_port.o
    0x0800570d   0x0800570d   0x00000003   PAD
    0x08005710   0x08005710   0x00000123   Data   RO           19    .conststring        main.o
    0x08005833   0x08005833   0x00000001   PAD
    0x08005834   0x08005834   0x0000038f   Data   RO         2910    .conststring        sfud_sfdp.o
    0x08005bc3   0x08005bc3   0x00000001   PAD
    0x08005bc4   0x08005bc4   0x000000dd   Data   RO         2976    .conststring        sfud.o
    0x08005ca1   0x08005ca1   0x00000003   PAD
    0x08005ca4   0x08005ca4   0x00000020   Data   RO         3542    Region$$Table       anon$$obj.o


    Execution Region RW_IRAM1 (Exec base: 0x20000000, Load base: 0x08005cc4, Size: 0x00000be0, Max: 0x00018000, ABSOLUTE)

    Exec Addr    Load Addr    Size         Type   Attr      Idx    E Section Name        Object

    0x20000000   0x08005cc4   0x00000004   Data   RW         1051    .data               stm32l4xx_hal.o
    0x20000004   0x08005cc8   0x00000004   Data   RW         2872    .data               system_stm32l4xx.o
    0x20000008   0x08005ccc   0x00000010   Data   RW         3111    .data               sfud_port.o
    0x20000018   0x08005cdc   0x00000004   Data   RW         3516    .data               mc_w.l(stdout.o)
    0x2000001c   0x08005ce0   0x00000004   Data   RW         3523    .data               mc_w.l(mvars.o)
    0x20000020   0x08005ce4   0x00000004   Data   RW         3524    .data               mc_w.l(mvars.o)
    0x20000024        -       0x000004bc   Zero   RW           18    .bss                main.o
    0x200004e0        -       0x00000100   Zero   RW         3109    .bss                sfud_port.o
    0x200005e0        -       0x00000200   Zero   RW            2    HEAP                startup_stm32l475xx.o
    0x200007e0        -       0x00000400   Zero   RW            1    STACK               startup_stm32l475xx.o


==============================================================================

Image component sizes


      Code (inc. data)   RO Data    RW Data    ZI Data      Debug   Object Name

       816        278        291          0       1212     803057   main.o
      5144       2260        655          0          0      17211   sfud.o
      1372        372         15         16        256      15422   sfud_port.o
      2572       1400       1023          0          0      11837   sfud_sfdp.o
        36          8        392          0       1536        832   startup_stm32l475xx.o
        90         18          0          4          0       3499   stm32l4xx_hal.o
       206         14          0          0          0      31456   stm32l4xx_hal_cortex.o
        58          0          0          0          0       1024   stm32l4xx_hal_dma.o
       468         38          0          0          0       2520   stm32l4xx_hal_gpio.o
       280         28          0          0          0       2240   stm32l4xx_hal_msp.o
       116         20          0          0          0       1358   stm32l4xx_hal_pwr_ex.o
      1268         10          0          0          0       7781   stm32l4xx_hal_qspi.o
      1804         92          0          0          0       7060   stm32l4xx_hal_rcc.o
      1506         44          0          0          0       4052   stm32l4xx_hal_rcc_ex.o
      1346         70          0          0          0       6381   stm32l4xx_hal_uart.o
        30          0          0          0          0       4110   stm32l4xx_it.o
        68         12         72          4          0       1213   system_stm32l4xx.o

    ----------------------------------------------------------------------
     17206       4664       2488         24       3004     921053   Object Totals
         0          0         32          0          0          0   (incl. Generated)
        26          0          8          0          0          0   (incl. Padding)

    ----------------------------------------------------------------------

      Code (inc. data)   RO Data    RW Data    ZI Data      Debug   Library Member Name

         0          0          0          0          0          0   entry.o
         0          0          0          0          0          0   entry10a.o
         0          0          0          0          0          0   entry11a.o
         8          4          0          0          0          0   entry2.o
         4          0          0          0          0          0   entry5.o
         0          0          0          0          0          0   entry7b.o
         0          0          0          0          0          0   entry8b.o
         8          4          0          0          0          0   entry9a.o
        30          0          0          0          0          0   handlers.o
        36          8          0          0          0         68   init.o
         0          0          0          0          0          0   iusefp.o
        30          0          0          0          0         68   llshl.o
        36          0          0          0          0         68   llsshr.o
        32          0          0          0          0         68   llushr.o
       188         20          0          0          0        160   malloc.o
        36          0          0          0          0         68   memcpya.o
        36          0          0          0          0        108   memseta.o
         0          0          0          8          0          0   mvars.o
      2336         94          0          0          0        600   printfa.o
         0          0          0          4          0          0   stdout.o
        18          0          0          0          0         68   strcpy.o
        14          0          0          0          0         68   strlen.o
        44          0          0          0          0         80   uidiv.o
       104          0          0          0          0         92   uldiv.o
        48          0          0          0          0         68   cdrcmple.o
       350          0          0          0          0        148   dadd.o
       222          0          0          0          0        100   ddiv.o
       186          0          0          0          0        176   depilogue.o
        48          0          0          0          0         68   dfixul.o
       234          0          0          0          0         96   dmul.o

    ----------------------------------------------------------------------
      4054        130          0         12          0       2172   Library Totals
         6          0          0          0          0          0   (incl. Padding)

    ----------------------------------------------------------------------

      Code (inc. data)   RO Data    RW Data    ZI Data      Debug   Library Name

      2960        130          0         12          0       1516   mc_w.l
      1088          0          0          0          0        656   mf_w.l

    ----------------------------------------------------------------------
      4054        130          0         12          0       2172   Library Totals

    ----------------------------------------------------------------------

==============================================================================


      Code (inc. data)   RO Data    RW Data    ZI Data      Debug   

     21260       4794       2488         36       3004     913685   Grand Totals
     21260       4794       2488         36       3004     913685   ELF Image Totals
     21260       4794       2488         36          0          0   ROM Totals

==============================================================================

    Total RO  Size (Code + RO Data)                23748 (  23.19kB)
    Total RW  Size (RW Data + ZI Data)              3040 (   2.97kB)
    Total ROM Size (Code + RO Data + RW Data)      23784 (  23.23kB)

==============================================================================

