###############################################################################
#
# IAR ELF Linker V8.20.1.14183/W32 for ARM                23/Nov/2018  14:35:51
# Copyright 2007-2017 IAR Systems AB.
#
#    Output file  =  
#        D:\SFUD\demo\stm32l475_non_os_qspi\EWARM\stm32l475_non_os_qspi\Exe\stm32l475_non_os_qspi.out
#    Map file     =  
#        D:\SFUD\demo\stm32l475_non_os_qspi\EWARM\stm32l475_non_os_qspi\List\stm32l475_non_os_qspi.map
#    Command line =  
#        -f C:\Users\zylx\AppData\Local\Temp\EW8B8D.tmp
#        (D:\SFUD\demo\stm32l475_non_os_qspi\EWARM\stm32l475_non_os_qspi\Obj\main.o
#        D:\SFUD\demo\stm32l475_non_os_qspi\EWARM\stm32l475_non_os_qspi\Obj\sfud.o
#        D:\SFUD\demo\stm32l475_non_os_qspi\EWARM\stm32l475_non_os_qspi\Obj\sfud_port.o
#        D:\SFUD\demo\stm32l475_non_os_qspi\EWARM\stm32l475_non_os_qspi\Obj\sfud_sfdp.o
#        D:\SFUD\demo\stm32l475_non_os_qspi\EWARM\stm32l475_non_os_qspi\Obj\startup_stm32l475xx.o
#        D:\SFUD\demo\stm32l475_non_os_qspi\EWARM\stm32l475_non_os_qspi\Obj\stm32l4xx_hal.o
#        D:\SFUD\demo\stm32l475_non_os_qspi\EWARM\stm32l475_non_os_qspi\Obj\stm32l4xx_hal_cortex.o
#        D:\SFUD\demo\stm32l475_non_os_qspi\EWARM\stm32l475_non_os_qspi\Obj\stm32l4xx_hal_dma.o
#        D:\SFUD\demo\stm32l475_non_os_qspi\EWARM\stm32l475_non_os_qspi\Obj\stm32l4xx_hal_dma_ex.o
#        D:\SFUD\demo\stm32l475_non_os_qspi\EWARM\stm32l475_non_os_qspi\Obj\stm32l4xx_hal_flash.o
#        D:\SFUD\demo\stm32l475_non_os_qspi\EWARM\stm32l475_non_os_qspi\Obj\stm32l4xx_hal_flash_ex.o
#        D:\SFUD\demo\stm32l475_non_os_qspi\EWARM\stm32l475_non_os_qspi\Obj\stm32l4xx_hal_flash_ramfunc.o
#        D:\SFUD\demo\stm32l475_non_os_qspi\EWARM\stm32l475_non_os_qspi\Obj\stm32l4xx_hal_gpio.o
#        D:\SFUD\demo\stm32l475_non_os_qspi\EWARM\stm32l475_non_os_qspi\Obj\stm32l4xx_hal_i2c.o
#        D:\SFUD\demo\stm32l475_non_os_qspi\EWARM\stm32l475_non_os_qspi\Obj\stm32l4xx_hal_i2c_ex.o
#        D:\SFUD\demo\stm32l475_non_os_qspi\EWARM\stm32l475_non_os_qspi\Obj\stm32l4xx_hal_msp.o
#        D:\SFUD\demo\stm32l475_non_os_qspi\EWARM\stm32l475_non_os_qspi\Obj\stm32l4xx_hal_pwr.o
#        D:\SFUD\demo\stm32l475_non_os_qspi\EWARM\stm32l475_non_os_qspi\Obj\stm32l4xx_hal_pwr_ex.o
#        D:\SFUD\demo\stm32l475_non_os_qspi\EWARM\stm32l475_non_os_qspi\Obj\stm32l4xx_hal_qspi.o
#        D:\SFUD\demo\stm32l475_non_os_qspi\EWARM\stm32l475_non_os_qspi\Obj\stm32l4xx_hal_rcc.o
#        D:\SFUD\demo\stm32l475_non_os_qspi\EWARM\stm32l475_non_os_qspi\Obj\stm32l4xx_hal_rcc_ex.o
#        D:\SFUD\demo\stm32l475_non_os_qspi\EWARM\stm32l475_non_os_qspi\Obj\stm32l4xx_hal_tim.o
#        D:\SFUD\demo\stm32l475_non_os_qspi\EWARM\stm32l475_non_os_qspi\Obj\stm32l4xx_hal_tim_ex.o
#        D:\SFUD\demo\stm32l475_non_os_qspi\EWARM\stm32l475_non_os_qspi\Obj\stm32l4xx_hal_uart.o
#        D:\SFUD\demo\stm32l475_non_os_qspi\EWARM\stm32l475_non_os_qspi\Obj\stm32l4xx_hal_uart_ex.o
#        D:\SFUD\demo\stm32l475_non_os_qspi\EWARM\stm32l475_non_os_qspi\Obj\stm32l4xx_it.o
#        D:\SFUD\demo\stm32l475_non_os_qspi\EWARM\stm32l475_non_os_qspi\Obj\system_stm32l4xx.o
#        --redirect _Printf=_PrintfFull --redirect _Scanf=_ScanfFull -o
#        D:\SFUD\demo\stm32l475_non_os_qspi\EWARM\stm32l475_non_os_qspi\Exe\stm32l475_non_os_qspi.out
#        --map
#        D:\SFUD\demo\stm32l475_non_os_qspi\EWARM\stm32l475_non_os_qspi\List\stm32l475_non_os_qspi.map
#        --config
#        D:\SFUD\demo\stm32l475_non_os_qspi\EWARM/stm32l475xx_flash.icf
#        --semihosting --entry __iar_program_start --vfe --text_out locale)
#
###############################################################################

*******************************************************************************
*** RUNTIME MODEL ATTRIBUTES
***

CppFlavor       = *
__Heap_Handler  = DLMalloc
__SystemLibrary = DLib
__dlib_version  = 6


*******************************************************************************
*** HEAP SELECTION
***

The advanced heap was selected because the application calls memory
allocation functions outside of system library functions, and there
are calls to deallocation functions in the application.


*******************************************************************************
*** PLACEMENT SUMMARY
***

"A0":  place at 0x08000000 { ro section .intvec };
"P1":  place in [from 0x08000000 to 0x080fffff] { ro };
define block CSTACK with size = 1K, alignment = 8 { };
define block HEAP with size = 512, alignment = 8 { };
"P2":  place in [from 0x20000000 to 0x20017fff] {
          rw, block CSTACK, block HEAP };
initialize by copy { rw };

  Section            Kind        Address    Size  Object
  -------            ----        -------    ----  ------
"A0":                                      0x188
  .intvec            ro code  0x08000000   0x188  startup_stm32l475xx.o [1]
                            - 0x08000188   0x188

"P1":                                     0x78e3
  .text              ro code  0x08000188  0x14d8  dlmalloc.o [3]
  .text              ro code  0x08001660     0x6  abort.o [3]
  .text              ro code  0x08001666    0x1e  xencoding_8859_1.o [3]
  .text              ro code  0x08001684    0x2c  xgetmemchunk.o [3]
  .text              ro code  0x080016b0    0x14  exit.o [6]
  .text              ro code  0x080016c4   0xfc4  sfud.o [1]
  .text              ro code  0x08002688   0x530  sfud_port.o [1]
  .text              ro code  0x08002bb8   0xcd8  sfud_sfdp.o [1]
  .text              ro code  0x08003890    0xa6  ABImemcpy.o [5]
  .text              ro code  0x08003936    0x1a  xsnprout.o [3]
  .text              ro code  0x08003950   0x564  stm32l4xx_hal_uart.o [1]
  .text              ro code  0x08003eb4   0x1f0  stm32l4xx_hal_gpio.o [1]
  .text              ro code  0x080040a4    0x28  printf.o [3]
  .text              ro code  0x080040cc    0x3c  vsnprint.o [3]
  .text              ro code  0x08004108   0x4a2  stm32l4xx_hal_qspi.o [1]
  .text              ro code  0x080045ac     0x6  ABImemclr4.o [5]
  .text              ro code  0x080045b4    0x36  strlen.o [5]
  .text              ro code  0x080045ec    0x4c  strcpy.o [5]
  .text              ro code  0x08004638     0x4  heaptramp0.o [3]
  .text              ro code  0x0800463c   0x120  stm32l4xx_hal_msp.o [1]
  .text              ro code  0x0800475c     0xc  stm32l4xx_hal.o [1]
  .text              ro code  0x08004768   0x688  stm32l4xx_hal_rcc.o [1]
  .text              ro code  0x08004df0   0x22e  I64DivMod.o [5]
  .text              ro code  0x08005020   0xf4e  xprintffull.o [3]
  .text              ro code  0x08005f70    0x38  stm32l4xx_hal_dma.o [1]
  .text              ro code  0x08005fa8    0x32  ABImemset48.o [5]
  .text              ro code  0x08005fdc    0xce  stm32l4xx_hal_cortex.o [1]
  .text              ro code  0x080060ac    0x28  stm32l4xx_hal.o [1]
  .text              ro code  0x080060d4    0x7c  stm32l4xx_hal_pwr_ex.o [1]
  .text              ro code  0x08006150     0x2  I64DivZer.o [5]
  .text              ro code  0x08006154    0x78  xlocale_c.o [3]
  .text              ro code  0x080061cc    0x16  strchr.o [5]
  .text              ro code  0x080061e4    0x44  xfail_s.o [3]
  .text              ro code  0x08006228    0x58  memchr.o [5]
  .text              ro code  0x08006280     0xa  xmbcurmax.o [3]
  .text              ro code  0x0800628c   0x1a2  DblMul.o [4]
  .text              ro code  0x08006430    0x70  frexp.o [4]
  .text              ro code  0x080064a0    0x2e  DblCmpLe.o [4]
  .text              ro code  0x080064d0    0x2e  DblCmpGe.o [4]
  .text              ro code  0x08006500   0x13a  ldexp.o [4]
  .text              ro code  0x0800663c    0x3a  DblToS32.o [4]
  .text              ro code  0x08006678    0x22  S32ToDbl.o [4]
  .text              ro code  0x0800669c    0xe2  DblSub.o [4]
  .text              ro code  0x08006780   0x246  DblDiv.o [4]
  .text              ro code  0x080069c8    0x28  DblToU32.o [4]
  .text              ro code  0x080069f0    0x1a  U32ToDbl.o [4]
  .text              ro code  0x08006a0c   0x168  DblAdd.o [4]
  .text              ro code  0x08006b74   0x53e  stm32l4xx_hal_rcc_ex.o [1]
  .text              ro code  0x080070b4   0x474  main.o [1]
  .text              ro code  0x08007528    0x16  stm32l4xx_hal.o [1]
  .rodata            const    0x08007540   0x14c  sfud.o [1]
  .text              ro code  0x0800768c    0x8c  system_stm32l4xx.o [1]
  .text              ro code  0x08007718    0x40  zero_init3.o [5]
  .text              ro code  0x08007758    0x38  packbits_init_single.o [5]
  .text              ro code  0x08007790    0x28  data_init.o [5]
  .text              ro code  0x080077b8    0x22  fpinit_M.o [4]
  .iar.init_table    const    0x080077dc    0x20  - Linker created -
  .text              ro code  0x080077fc    0x1e  stm32l4xx_it.o [1]
  .text              ro code  0x0800781c    0x10  stm32l4xx_hal.o [1]
  .text              ro code  0x0800782c    0x1e  cmain.o [5]
  .text              ro code  0x0800784a     0x4  low_level_init.o [3]
  .text              ro code  0x0800784e     0x4  exit.o [3]
  .text              ro code  0x08007854     0xa  cexit.o [5]
  .text              ro code  0x0800785e    0x16  xprout.o [3]
  .text              ro code  0x08007874     0xc  putchar.o [3]
  .text              ro code  0x08007880    0x10  startup_stm32l475xx.o [1]
  .text              ro code  0x08007890     0xc  cstartup_M.o [5]
  .rodata            const    0x0800789c     0x8  system_stm32l4xx.o [1]
  .rodata            const    0x080078a4     0x6  xlocale_c.o [3]
  .text              ro code  0x080078aa     0x4  startup_stm32l475xx.o [1]
  .text              ro code  0x080078ae     0x4  startup_stm32l475xx.o [1]
  .text              ro code  0x080078b2     0x4  startup_stm32l475xx.o [1]
  .text              ro code  0x080078b6     0x4  startup_stm32l475xx.o [1]
  .text              ro code  0x080078ba     0x4  startup_stm32l475xx.o [1]
  .text              ro code  0x080078be     0x4  startup_stm32l475xx.o [1]
  .text              ro code  0x080078c2     0x4  startup_stm32l475xx.o [1]
  .text              ro code  0x080078c6     0x4  startup_stm32l475xx.o [1]
  .text              ro code  0x080078ca     0x4  startup_stm32l475xx.o [1]
  .text              ro code  0x080078ce     0x4  startup_stm32l475xx.o [1]
  .text              ro code  0x080078d2     0x4  startup_stm32l475xx.o [1]
  .text              ro code  0x080078d6     0x4  startup_stm32l475xx.o [1]
  .text              ro code  0x080078da     0x4  startup_stm32l475xx.o [1]
  .text              ro code  0x080078de     0x4  startup_stm32l475xx.o [1]
  .text              ro code  0x080078e2     0x4  startup_stm32l475xx.o [1]
  .text              ro code  0x080078e6     0x4  startup_stm32l475xx.o [1]
  .text              ro code  0x080078ea     0x4  startup_stm32l475xx.o [1]
  .text              ro code  0x080078ee     0x4  startup_stm32l475xx.o [1]
  .text              ro code  0x080078f2     0x4  startup_stm32l475xx.o [1]
  .text              ro code  0x080078f6     0x4  startup_stm32l475xx.o [1]
  .text              ro code  0x080078fa     0x4  startup_stm32l475xx.o [1]
  .text              ro code  0x080078fe     0x4  startup_stm32l475xx.o [1]
  .text              ro code  0x08007902     0x4  startup_stm32l475xx.o [1]
  .text              ro code  0x08007906     0x4  startup_stm32l475xx.o [1]
  .text              ro code  0x0800790a     0x4  startup_stm32l475xx.o [1]
  .text              ro code  0x0800790e     0x4  startup_stm32l475xx.o [1]
  .text              ro code  0x08007912     0x4  startup_stm32l475xx.o [1]
  .text              ro code  0x08007916     0x4  startup_stm32l475xx.o [1]
  .text              ro code  0x0800791a     0x4  startup_stm32l475xx.o [1]
  .text              ro code  0x0800791e     0x4  startup_stm32l475xx.o [1]
  .text              ro code  0x08007922     0x4  startup_stm32l475xx.o [1]
  .text              ro code  0x08007926     0x4  startup_stm32l475xx.o [1]
  .text              ro code  0x0800792a     0x4  startup_stm32l475xx.o [1]
  .text              ro code  0x0800792e     0x4  startup_stm32l475xx.o [1]
  .text              ro code  0x08007932     0x4  startup_stm32l475xx.o [1]
  .text              ro code  0x08007936     0x4  startup_stm32l475xx.o [1]
  .text              ro code  0x0800793a     0x4  startup_stm32l475xx.o [1]
  .text              ro code  0x0800793e     0x4  startup_stm32l475xx.o [1]
  .text              ro code  0x08007942     0x4  startup_stm32l475xx.o [1]
  .text              ro code  0x08007946     0x4  startup_stm32l475xx.o [1]
  .text              ro code  0x0800794a     0x4  startup_stm32l475xx.o [1]
  .text              ro code  0x0800794e     0x4  startup_stm32l475xx.o [1]
  .text              ro code  0x08007952     0x4  startup_stm32l475xx.o [1]
  .text              ro code  0x08007956     0x4  startup_stm32l475xx.o [1]
  .text              ro code  0x0800795a     0x4  startup_stm32l475xx.o [1]
  .text              ro code  0x0800795e     0x4  startup_stm32l475xx.o [1]
  .text              ro code  0x08007962     0x4  startup_stm32l475xx.o [1]
  .text              ro code  0x08007966     0x4  startup_stm32l475xx.o [1]
  .text              ro code  0x0800796a     0x4  startup_stm32l475xx.o [1]
  .text              ro code  0x0800796e     0x4  startup_stm32l475xx.o [1]
  .text              ro code  0x08007972     0x4  startup_stm32l475xx.o [1]
  .text              ro code  0x08007976     0x4  startup_stm32l475xx.o [1]
  .text              ro code  0x0800797a     0x4  startup_stm32l475xx.o [1]
  .text              ro code  0x0800797e     0x4  startup_stm32l475xx.o [1]
  .text              ro code  0x08007982     0x4  startup_stm32l475xx.o [1]
  .text              ro code  0x08007986     0x4  startup_stm32l475xx.o [1]
  .text              ro code  0x0800798a     0x4  startup_stm32l475xx.o [1]
  .text              ro code  0x0800798e     0x4  startup_stm32l475xx.o [1]
  .text              ro code  0x08007992     0x4  startup_stm32l475xx.o [1]
  .text              ro code  0x08007996     0x4  startup_stm32l475xx.o [1]
  .text              ro code  0x0800799a     0x4  startup_stm32l475xx.o [1]
  .text              ro code  0x0800799e     0x4  startup_stm32l475xx.o [1]
  .text              ro code  0x080079a2     0x4  startup_stm32l475xx.o [1]
  .text              ro code  0x080079a6     0x4  startup_stm32l475xx.o [1]
  .text              ro code  0x080079aa     0x4  startup_stm32l475xx.o [1]
  .text              ro code  0x080079ae     0x4  startup_stm32l475xx.o [1]
  .text              ro code  0x080079b2     0x4  startup_stm32l475xx.o [1]
  .text              ro code  0x080079b6     0x4  startup_stm32l475xx.o [1]
  .text              ro code  0x080079ba     0x4  startup_stm32l475xx.o [1]
  .text              ro code  0x080079be     0x4  startup_stm32l475xx.o [1]
  .text              ro code  0x080079c2     0x4  startup_stm32l475xx.o [1]
  .text              ro code  0x080079c6     0x4  startup_stm32l475xx.o [1]
  .text              ro code  0x080079ca     0x4  startup_stm32l475xx.o [1]
  .text              ro code  0x080079ce     0x4  startup_stm32l475xx.o [1]
  .text              ro code  0x080079d2     0x4  startup_stm32l475xx.o [1]
  .text              ro code  0x080079d6     0x4  startup_stm32l475xx.o [1]
  .text              ro code  0x080079da     0x4  startup_stm32l475xx.o [1]
  .text              ro code  0x080079de     0x4  startup_stm32l475xx.o [1]
  .text              ro code  0x080079e2     0x4  startup_stm32l475xx.o [1]
  .text              ro code  0x080079e6     0x4  startup_stm32l475xx.o [1]
  .rodata            const    0x080079ea     0x0  zero_init3.o [5]
  .rodata            const    0x080079ea     0x0  packbits_init_single.o [5]
  Initializer bytes  const    0x080079ea    0x81  <for P2-1>
                            - 0x08007a6b  0x78e3

"P2", part 1 of 3:                          0xd8
  P2-1                        0x20000000    0xd8  <Init block>
    .data            inited   0x20000000     0xc  sfud_port.o [1]
    .data            inited   0x2000000c     0x4  system_stm32l4xx.o [1]
    .data            inited   0x20000010    0x38  xlocale_c.o [3]
    .data            inited   0x20000048    0x48  xlocale_c.o [3]
    .data            inited   0x20000090    0x48  xfiles.o [3]
                            - 0x200000d8    0xd8

"P2", part 2 of 3:                         0x80c
  .bss               zero     0x200000d8   0x4bc  main.o [1]
  .bss               zero     0x20000594   0x1d8  dlmalloc.o [3]
  .bss               zero     0x2000076c   0x100  sfud_port.o [1]
  .bss               zero     0x2000086c    0x50  xfiles.o [3]
  .bss               zero     0x200008bc    0x18  dlmalloc.o [3]
  .bss               zero     0x200008d4     0x4  sfud_port.o [1]
  .bss               zero     0x200008d8     0x4  stm32l4xx_hal.o [1]
  .bss               zero     0x200008dc     0x4  xfail_s.o [3]
  .bss               zero     0x200008e0     0x4  xgetmemchunk.o [3]
                            - 0x200008e4   0x80c

"P2", part 3 of 3:                         0x600
  CSTACK                      0x200008e8   0x400  <Block>
    CSTACK           uninit   0x200008e8   0x400  <Block tail>
  HEAP                        0x20000ce8   0x200  <Block>
    HEAP             uninit   0x20000ce8   0x200  <Block tail>
                            - 0x20000ee8   0x600


*******************************************************************************
*** INIT TABLE
***

          Address     Size
          -------     ----
Zero (__iar_zero_init3)
    1 destination range, total size 0x80c:
          0x200000d8  0x80c

Copy/packbits (__iar_packbits_init_single3)
    1 source range, total size 0x81 (59% of destination):
          0x080079ea   0x81
    1 destination range, total size 0xd8:
          0x20000000   0xd8



*******************************************************************************
*** MODULE SUMMARY
***

    Module                  ro code  ro data  rw data
    ------                  -------  -------  -------
D:\SFUD\demo\stm32l475_non_os_qspi\EWARM\stm32l475_non_os_qspi\Obj: [1]
    main.o                    1 140             1 212
    sfud.o                    4 036      332
    sfud_port.o               1 328        7      272
    sfud_sfdp.o               3 288
    startup_stm32l475xx.o       728
    stm32l4xx_hal.o              90                 4
    stm32l4xx_hal_cortex.o      206
    stm32l4xx_hal_dma.o          56
    stm32l4xx_hal_gpio.o        496
    stm32l4xx_hal_msp.o         288
    stm32l4xx_hal_pwr_ex.o      124
    stm32l4xx_hal_qspi.o      1 186
    stm32l4xx_hal_rcc.o       1 672
    stm32l4xx_hal_rcc_ex.o    1 342
    stm32l4xx_hal_uart.o      1 380
    stm32l4xx_it.o               30
    system_stm32l4xx.o          140       10        4
    -------------------------------------------------
    Total:                   17 530      349    1 492

command line: [2]
    -------------------------------------------------
    Total:

dl7M_tlf.a: [3]
    abort.o                       6
    dlmalloc.o                5 336               496
    exit.o                        4
    heaptramp0.o                  4
    low_level_init.o              4
    printf.o                     40
    putchar.o                    12
    vsnprint.o                   60
    xencoding_8859_1.o           30
    xfail_s.o                    68                 4
    xfiles.o                              43      152
    xgetmemchunk.o               44                 4
    xlocale_c.o                 120       83      128
    xmbcurmax.o                  10
    xprintffull.o             3 918
    xprout.o                     22
    xsnprout.o                   26
    -------------------------------------------------
    Total:                    9 704      126      784

m7M_tls.a: [4]
    DblAdd.o                    360
    DblCmpGe.o                   46
    DblCmpLe.o                   46
    DblDiv.o                    582
    DblMul.o                    418
    DblSub.o                    226
    DblToS32.o                   58
    DblToU32.o                   40
    S32ToDbl.o                   34
    U32ToDbl.o                   26
    fpinit_M.o                   34
    frexp.o                     112
    ldexp.o                     314
    -------------------------------------------------
    Total:                    2 296

rt7M_tl.a: [5]
    ABImemclr4.o                  6
    ABImemcpy.o                 166
    ABImemset48.o                50
    I64DivMod.o                 558
    I64DivZer.o                   2
    cexit.o                      10
    cmain.o                      30
    cstartup_M.o                 12
    data_init.o                  40
    memchr.o                     88
    packbits_init_single.o       56
    strchr.o                     22
    strcpy.o                     76
    strlen.o                     54
    zero_init3.o                 64
    -------------------------------------------------
    Total:                    1 234

shb_l.a: [6]
    exit.o                       20
    -------------------------------------------------
    Total:                       20

    Gaps                         44        4
    Linker created                        32    1 536
-----------------------------------------------------
    Grand Total:             30 828      511    3 812


*******************************************************************************
*** ENTRY LIST
***

Entry                      Address   Size  Type      Object
-----                      -------   ----  ----      ------
.iar.init_table$$Base   0x080077dc          --   Gb  - Linker created -
.iar.init_table$$Limit  0x080077fc          --   Gb  - Linker created -
?main                   0x0800782d         Code  Gb  cmain.o [5]
AHBPrescTable           0x080076d8   0x10  Data  Gb  system_stm32l4xx.o [1]
APBPrescTable           0x0800789c    0x8  Data  Gb  system_stm32l4xx.o [1]
BusFault_Handler        0x08007803    0x2  Code  Gb  stm32l4xx_it.o [1]
CSTACK$$Base            0x200008e8          --   Gb  - Linker created -
CSTACK$$Limit           0x20000ce8          --   Gb  - Linker created -
CacheMore               0x08006159   0x24  Code  Lc  xlocale_c.o [3]
DebugMon_Handler        0x08007809    0x2  Code  Gb  stm32l4xx_it.o [1]
HAL_DMA_Abort           0x08005f71   0x38  Code  Gb  stm32l4xx_hal_dma.o [1]
HAL_GPIO_Init           0x08003eb5  0x1bc  Code  Gb  stm32l4xx_hal_gpio.o [1]
HAL_GPIO_WritePin       0x08004071    0xe  Code  Gb  stm32l4xx_hal_gpio.o [1]
HAL_GetTick             0x0800475d    0xc  Code  Wk  stm32l4xx_hal.o [1]
HAL_IncTick             0x0800781d   0x10  Code  Wk  stm32l4xx_hal.o [1]
HAL_Init                0x08007529   0x16  Code  Gb  stm32l4xx_hal.o [1]
HAL_InitTick            0x080060ad   0x28  Code  Wk  stm32l4xx_hal.o [1]
HAL_MspInit             0x0800463d   0x86  Code  Gb  stm32l4xx_hal_msp.o [1]
HAL_NVIC_SetPriority    0x08006015   0x3a  Code  Gb  stm32l4xx_hal_cortex.o [1]
HAL_NVIC_SetPriorityGrouping
                        0x08005ffb   0x1a  Code  Gb  stm32l4xx_hal_cortex.o [1]
HAL_PWREx_ControlVoltageScaling
                        0x080060e1   0x64  Code  Gb  stm32l4xx_hal_pwr_ex.o [1]
HAL_PWREx_GetVoltageRange
                        0x080060d5    0xc  Code  Gb  stm32l4xx_hal_pwr_ex.o [1]
HAL_QSPI_Abort          0x080043a3   0x78  Code  Gb  stm32l4xx_hal_qspi.o [1]
HAL_QSPI_Command        0x080041a9   0x70  Code  Gb  stm32l4xx_hal_qspi.o [1]
HAL_QSPI_Init           0x08004109   0x96  Code  Gb  stm32l4xx_hal_qspi.o [1]
HAL_QSPI_MspInit        0x080046c3   0x34  Code  Gb  stm32l4xx_hal_msp.o [1]
HAL_QSPI_Receive        0x080042d5   0xbc  Code  Gb  stm32l4xx_hal_qspi.o [1]
HAL_QSPI_Transmit       0x08004223   0xb2  Code  Gb  stm32l4xx_hal_qspi.o [1]
HAL_RCCEx_PeriphCLKConfig
                        0x08006b75  0x318  Code  Gb  stm32l4xx_hal_rcc_ex.o [1]
HAL_RCC_ClockConfig     0x08004b83   0xda  Code  Gb  stm32l4xx_hal_rcc.o [1]
HAL_RCC_GetHCLKFreq     0x08004d17    0x6  Code  Gb  stm32l4xx_hal_rcc.o [1]
HAL_RCC_GetPCLK1Freq    0x08004d1d   0x10  Code  Gb  stm32l4xx_hal_rcc.o [1]
HAL_RCC_GetPCLK2Freq    0x08004d2d    0xe  Code  Gb  stm32l4xx_hal_rcc.o [1]
HAL_RCC_GetSysClockFreq
                        0x08004c71   0xa6  Code  Gb  stm32l4xx_hal_rcc.o [1]
HAL_RCC_OscConfig       0x08004769  0x3d6  Code  Gb  stm32l4xx_hal_rcc.o [1]
HAL_SYSTICK_CLKSourceConfig
                        0x08006077   0x1a  Code  Gb  stm32l4xx_hal_cortex.o [1]
HAL_SYSTICK_Config      0x0800604f   0x28  Code  Gb  stm32l4xx_hal_cortex.o [1]
HAL_SYSTICK_IRQHandler  0x08006091    0x4  Code  Gb  stm32l4xx_hal_cortex.o [1]
HAL_UART_Init           0x08003951   0x30  Code  Gb  stm32l4xx_hal_uart.o [1]
HAL_UART_MspInit        0x080046f7   0x34  Code  Gb  stm32l4xx_hal_msp.o [1]
HAL_UART_Transmit       0x080039d1   0xac  Code  Gb  stm32l4xx_hal_uart.o [1]
HEAP$$Base              0x20000ce8          --   Gb  - Linker created -
HEAP$$Limit             0x20000ee8          --   Gb  - Linker created -
HardFault_Handler       0x080077ff    0x2  Code  Gb  stm32l4xx_it.o [1]
LoadInt                 0x080051ef   0x7a  Code  Lc  xprintffull.o [3]
MSIRangeTable           0x080076e8   0x30  Data  Gb  system_stm32l4xx.o [1]
MemManage_Handler       0x08007801    0x2  Code  Gb  stm32l4xx_it.o [1]
NMI_Handler             0x080077fd    0x2  Code  Gb  stm32l4xx_it.o [1]
NVIC_SetPriority        0x08005fdd   0x1e  Code  Lc  stm32l4xx_hal_cortex.o [1]
PendSV_Handler          0x0800780b    0x2  Code  Gb  stm32l4xx_it.o [1]
QSPI_Config             0x08004471  0x13a  Code  Lc  stm32l4xx_hal_qspi.o [1]
QSPI_WaitFlagStateUntilTimeout
                        0x08004427   0x4a  Code  Lc  stm32l4xx_hal_qspi.o [1]
RCCEx_PLLSAI1_Config    0x08006eb9   0xce  Code  Lc  stm32l4xx_hal_rcc_ex.o [1]
RCCEx_PLLSAI2_Config    0x08006f99   0xb2  Code  Lc  stm32l4xx_hal_rcc_ex.o [1]
RCC_SetFlashLatencyFromMSIRange
                        0x08004d41   0x74  Code  Lc  stm32l4xx_hal_rcc.o [1]
Region$$Table$$Base     0x080077dc          --   Gb  - Linker created -
Region$$Table$$Limit    0x080077fc          --   Gb  - Linker created -
SVC_Handler             0x08007807    0x2  Code  Gb  stm32l4xx_it.o [1]
SysTick_Handler         0x0800780d    0xe  Code  Gb  stm32l4xx_it.o [1]
SystemClock_Config      0x0800716b   0x92  Code  Gb  main.o [1]
SystemCoreClock         0x2000000c    0x4  Data  Gb  system_stm32l4xx.o [1]
SystemInit              0x0800768d   0x3c  Code  Gb  system_stm32l4xx.o [1]
UART_AdvFeatureConfig   0x08003d31   0xc6  Code  Gb  stm32l4xx_hal_uart.o [1]
UART_CheckIdleState     0x08003df7   0x5a  Code  Gb  stm32l4xx_hal_uart.o [1]
UART_SetConfig          0x08003a7d  0x278  Code  Gb  stm32l4xx_hal_uart.o [1]
UART_WaitOnFlagUntilTimeout
                        0x08003e51   0x58  Code  Gb  stm32l4xx_hal_uart.o [1]
UsageFault_Handler      0x08007805    0x2  Code  Gb  stm32l4xx_it.o [1]
_Encoding_8859_1_Mbrlen
                        0x08001679    0x2  Code  Gb  xencoding_8859_1.o [3]
_Encoding_8859_1_Wctomb
                        0x08001667   0x12  Code  Gb  xencoding_8859_1.o [3]
_GenldFull              0x08005c6f  0x250  Code  Lc  xprintffull.o [3]
_LdtobFull              0x08005845  0x3fe  Code  Lc  xprintffull.o [3]
_LitobFull              0x080056ed  0x112  Code  Lc  xprintffull.o [3]
_Locale_lconv           0x20000010   0x38  Data  Lc  xlocale_c.o [3]
_PrintfFull             0x08005021  0x1b8  Code  Gb  xprintffull.o [3]
_Prout                  0x0800785f   0x16  Code  Gb  xprout.o [3]
_PutcharsFull           0x08005ebf   0x2e  Code  Lc  xprintffull.o [3]
_PutfldFull             0x08005269  0x2d0  Code  Lc  xprintffull.o [3]
_PutstrFull             0x0800562f   0xbe  Code  Lc  xprintffull.o [3]
_PuttxtFull             0x08005539   0xf6  Code  Lc  xprintffull.o [3]
_SNProut                0x08003937   0x1a  Code  Gb  xsnprout.o [3]
__aeabi_cdcmple         0x080064a1         Code  Gb  DblCmpLe.o [4]
__aeabi_cdrcmple        0x080064d1         Code  Gb  DblCmpGe.o [4]
__aeabi_d2iz            0x0800663d         Code  Gb  DblToS32.o [4]
__aeabi_d2uiz           0x080069c9         Code  Gb  DblToU32.o [4]
__aeabi_ddiv            0x08006781         Code  Gb  DblDiv.o [4]
__aeabi_dmul            0x0800628d         Code  Gb  DblMul.o [4]
__aeabi_dsub            0x0800669d         Code  Gb  DblSub.o [4]
__aeabi_i2d             0x08006679         Code  Gb  S32ToDbl.o [4]
__aeabi_ldiv0           0x08006151         Code  Gb  I64DivZer.o [5]
__aeabi_memclr4         0x080045ad         Code  Gb  ABImemclr4.o [5]
__aeabi_memcpy          0x08003891         Code  Gb  ABImemcpy.o [5]
__aeabi_memcpy4         0x080038b1         Code  Gb  ABImemcpy.o [5]
__aeabi_memcpy8         0x080038b1         Code  Gb  ABImemcpy.o [5]
__aeabi_ui2d            0x080069f1         Code  Gb  U32ToDbl.o [4]
__aeabi_uldivmod        0x08004df1         Code  Gb  I64DivMod.o [5]
__cmain                 0x0800782d         Code  Gb  cmain.o [5]
__data_GetMemChunk      0x08001685   0x2c  Code  Gb  xgetmemchunk.o [3]
__data_GetMemChunk::start
                        0x200008e0    0x4  Data  Lc  xgetmemchunk.o [3]
__exit                  0x080016b1   0x14  Code  Gb  exit.o [6]
__iar_Fail_s            0x080061e5   0x1e  Code  Gb  xfail_s.o [3]
__iar_Mbcurmax          0x08006281    0xa  Code  Gb  xmbcurmax.o [3]
__iar_Memchr            0x08006229         Code  Gb  memchr.o [5]
__iar_Memset4_word      0x08005fa9         Code  Gb  ABImemset48.o [5]
__iar_Memset8_word      0x08005fa9         Code  Gb  ABImemset48.o [5]
__iar_Stdout            0x20000090   0x48  Data  Gb  xfiles.o [3]
__iar_Strchr            0x080061cd         Code  Gb  strchr.o [5]
__iar_dadd              0x080066ad         Code  Gb  DblSub.o [4]
__iar_data_init3        0x08007791   0x28  Code  Gb  data_init.o [5]
__iar_dlfree            0x08001167  0x4f6  Code  Gb  dlmalloc.o [3]
__iar_dlmalloc          0x08000eb1  0x2b6  Code  Gb  dlmalloc.o [3]
__iar_dsub              0x08006a0d         Code  Gb  DblAdd.o [4]
__iar_dsubStart         0x08006a1f         Code  Gb  DblAdd.o [4]
__iar_frexp             0x0800643d         Code  Gb  frexp.o [4]
__iar_frexpl            0x0800643d         Code  Gb  frexp.o [4]
__iar_globLocale        0x20000048   0x48  Data  Lc  xlocale_c.o [3]
__iar_global_Locale     0x08006155    0x4  Code  Gb  xlocale_c.o [3]
__iar_init_vfp          0x080077b9         Code  Gb  fpinit_M.o [4]
__iar_ldexp64           0x08006501         Code  Gb  ldexp.o [4]
__iar_packbits_init_single3
                        0x08007759   0x38  Code  Gb  packbits_init_single.o [5]
__iar_program_start     0x08007891         Code  Gb  cstartup_M.o [5]
__iar_scalbln64         0x08006501         Code  Gb  ldexp.o [4]
__iar_scalbn64          0x08006501         Code  Gb  ldexp.o [4]
__iar_softfp___iar_frexp64
                        0x08006431         Code  Gb  frexp.o [4]
__iar_softfp_frexp      0x08006431         Code  Gb  frexp.o [4]
__iar_softfp_frexpl     0x08006431         Code  Gb  frexp.o [4]
__iar_systems$$module {Abs}
                        0x00000001         Data  Gb  command line/config [2]
__iar_zero_init3        0x08007719   0x40  Code  Gb  zero_init3.o [5]
__low_level_init        0x0800784b    0x4  Code  Gb  low_level_init.o [3]
__vector_table          0x08000000         Data  Gb  startup_stm32l475xx.o [1]
_call_main              0x08007839         Code  Gb  cmain.o [5]
_exit                   0x08007855         Code  Gb  cexit.o [5]
_gLocale_mblen          0x080061b5    0x4  Code  Gb  xlocale_c.o [3]
_gLocale_mblenInt       0x0800617d   0x34  Code  Gb  xlocale_c.o [3]
_gLocale_wctomb         0x080061b9    0x4  Code  Gb  xlocale_c.o [3]
_gLocale_wctombInt      0x080061b1    0x4  Code  Gb  xlocale_c.o [3]
_gm_                    0x20000594  0x1d8  Data  Lc  dlmalloc.o [3]
_main                   0x08007847         Code  Gb  cmain.o [5]
aai_write               0x08002029  0x12e  Code  Lc  sfud.o [1]
aai_write::__FUNCTION__
                        0x08002598    0xc  Data  Lc  sfud.o [1]
abort                   0x08001661    0x6  Code  Gb  abort.o [3]
add_segment             0x0800054d  0x1fc  Code  Lc  dlmalloc.o [3]
exit                    0x0800784f    0x4  Code  Gb  exit.o [3]
fputc                   0x08002689   0x16  Code  Gb  sfud_port.o [1]
free                    0x08004639    0x4  Code  Gb  heaptramp0.o [3]
hardware_init           0x08001849  0x244  Code  Lc  sfud.o [1]
hardware_init::__FUNCTION__
                        0x0800766c   0x10  Data  Lc  sfud.o [1]
hqspi                   0x20000150   0x44  Data  Gb  main.o [1]
huart1                  0x200000d8   0x78  Data  Gb  main.o [1]
init_mparams            0x080001a7   0x32  Code  Lc  dlmalloc.o [3]
init_top                0x080001d9   0x32  Code  Lc  dlmalloc.o [3]
ldexp                   0x08006501         Code  Gb  ldexp.o [4]
ldexpl                  0x08006501         Code  Gb  ldexp.o [4]
localeconv              0x080061bd    0x4  Code  Gb  xlocale_c.o [3]
log_buf                 0x2000076c  0x100  Data  Lc  sfud_port.o [1]
main                    0x080070b5   0xb6  Code  Gb  main.o [1]
make_adress_byte_array  0x08002299   0x56  Code  Lc  sfud.o [1]
make_adress_byte_array::__FUNCTION__
                        0x0800262c   0x18  Data  Lc  sfud.o [1]
memchr                  0x08006229         Code  Gb  memchr.o [5]
mf_table                0x08001b34   0x80  Data  Lc  sfud.o [1]
mparams                 0x200008bc   0x18  Data  Lc  dlmalloc.o [3]
obuf                    0x2000086c   0x50  Data  Lc  xfiles.o [3]
page256_or_1_byte_write
                        0x08001eeb  0x124  Code  Lc  sfud.o [1]
page256_or_1_byte_write::__FUNCTION__
                        0x0800252c   0x18  Data  Lc  sfud.o [1]
prepend_alloc           0x0800020b  0x342  Code  Lc  dlmalloc.o [3]
printf                  0x080040a5   0x28  Code  Gb  printf.o [3]
putchar                 0x08007875    0xc  Code  Gb  putchar.o [3]
qspi_flash_ext_info_table
                        0x0800180c   0x30  Data  Lc  sfud.o [1]
qspi_read               0x08002721   0x60  Code  Lc  sfud_port.o [1]
qspi_send               0x0800294d   0x92  Code  Gb  sfud_port.o [1]
qspi_send_cmd           0x0800280b   0xa8  Code  Lc  sfud_port.o [1]
qspi_send_then_recv     0x080028b3   0x8c  Code  Gb  sfud_port.o [1]
qspi_set_read_cmd_format
                        0x08001719   0x2a  Code  Lc  sfud.o [1]
read_basic_header       0x08002c83   0xb8  Code  Lc  sfud_sfdp.o [1]
read_basic_header::__FUNCTION__
                        0x08003270   0x14  Data  Lc  sfud_sfdp.o [1]
read_basic_table        0x08002d3b  0x296  Code  Lc  sfud_sfdp.o [1]
read_basic_table::__FUNCTION__
                        0x080033f4   0x14  Data  Lc  sfud_sfdp.o [1]
read_sfdp_data          0x08002fdd   0x92  Code  Lc  sfud_sfdp.o [1]
read_sfdp_data::__FUNCTION__
                        0x08003814   0x10  Data  Lc  sfud_sfdp.o [1]
retry_delay_100us       0x08002781    0xc  Code  Lc  sfud_port.o [1]
scalbln                 0x08006501         Code  Gb  ldexp.o [4]
scalblnl                0x08006501         Code  Gb  ldexp.o [4]
scalbn                  0x08006501         Code  Gb  ldexp.o [4]
scalbnl                 0x08006501         Code  Gb  ldexp.o [4]
scale                   0x080057ff   0x46  Code  Lc  xprintffull.o [3]
sec_hand                0x200008dc    0x4  Data  Lc  xfail_s.o [3]
segment_holding         0x08000189   0x1e  Code  Lc  dlmalloc.o [3]
set_write_enabled       0x08002197   0x5a  Code  Lc  sfud.o [1]
set_write_enabled::__FUNCTION__
                        0x080025a4   0x14  Data  Lc  sfud.o [1]
sfud_chip_erase         0x08001d09   0x9c  Code  Gb  sfud.o [1]
sfud_chip_erase::__FUNCTION__
                        0x080024b4   0x10  Data  Lc  sfud.o [1]
sfud_demo               0x080071fd  0x100  Code  Gb  main.o [1]
sfud_demo_test_buf      0x20000194  0x400  Data  Lc  main.o [1]
sfud_dev                0x200008d4    0x4  Data  Gb  sfud_port.o [1]
sfud_device_init        0x080016c5   0x42  Code  Gb  sfud.o [1]
sfud_erase              0x08001db1  0x124  Code  Gb  sfud.o [1]
sfud_erase::__FUNCTION__
                        0x080024f4    0xc  Data  Lc  sfud.o [1]
sfud_flash_init         0x080029df   0x74  Code  Gb  sfud_port.o [1]
sfud_log_debug          0x080027b1   0x22  Code  Gb  sfud_port.o [1]
sfud_log_info           0x080027d3   0x1e  Code  Gb  sfud_port.o [1]
sfud_qspi_fast_read_enable
                        0x08001743   0xc8  Code  Gb  sfud.o [1]
sfud_qspi_fast_read_enable::__FUNCTION__
                        0x08007614   0x1c  Data  Lc  sfud.o [1]
sfud_read               0x08001c4d   0xbc  Code  Gb  sfud.o [1]
sfud_read::__FUNCTION__
                        0x08002468    0xc  Data  Lc  sfud.o [1]
sfud_read_sfdp          0x08002bb9   0xca  Code  Gb  sfud_sfdp.o [1]
sfud_read_sfdp::__FUNCTION__
                        0x080030d8   0x10  Data  Lc  sfud_sfdp.o [1]
sfud_read_status        0x080021f1   0x46  Code  Gb  sfud.o [1]
sfud_read_status::__FUNCTION__
                        0x080025dc   0x14  Data  Lc  sfud.o [1]
sfud_sfdp_get_suitable_eraser
                        0x08003075   0x64  Code  Gb  sfud_sfdp.o [1]
sfud_sfdp_get_suitable_eraser::__FUNCTION__
                        0x08003850   0x20  Data  Lc  sfud_sfdp.o [1]
sfud_spi_port_init      0x0800278d   0x24  Code  Gb  sfud_port.o [1]
sfud_write              0x0800216f   0x28  Code  Gb  sfud.o [1]
sfud_write_status       0x0800233d   0x64  Code  Gb  sfud.o [1]
sfud_write_status::__FUNCTION__
                        0x0800264c   0x14  Data  Lc  sfud.o [1]
software_init::__FUNCTION__
                        0x08001708   0x10  Data  Lc  sfud.o [1]
spi1                    0x20000000    0xc  Data  Lc  sfud_port.o [1]
spi_lock                0x0800269f    0x4  Code  Lc  sfud_port.o [1]
spi_unlock              0x080026a3    0x4  Code  Lc  sfud_port.o [1]
spi_write_read          0x080026a7   0x7a  Code  Lc  sfud_port.o [1]
spi_write_read::__FUNCTION__
                        0x08002a80   0x10  Data  Lc  sfud_port.o [1]
strchr                  0x080061cd         Code  Gb  strchr.o [5]
strcpy                  0x080045ed         Code  Gb  strcpy.o [5]
strlen                  0x080045b5         Code  Gb  strlen.o [5]
sys_alloc               0x0800074f  0x160  Code  Lc  dlmalloc.o [3]
sys_trim                0x080008af   0x66  Code  Lc  dlmalloc.o [3]
tmalloc_large           0x08000921  0x384  Code  Lc  dlmalloc.o [3]
tmalloc_small           0x08000ca5  0x1fe  Code  Lc  dlmalloc.o [3]
uwTick                  0x200008d8    0x4  Data  Gb  stm32l4xx_hal.o [1]
vsnprintf               0x080040cd   0x3c  Code  Gb  vsnprint.o [3]
wait_busy               0x08002237   0x4e  Code  Lc  sfud.o [1]
wait_busy::__FUNCTION__
                        0x080025f8    0xc  Data  Lc  sfud.o [1]


[1] = D:\SFUD\demo\stm32l475_non_os_qspi\EWARM\stm32l475_non_os_qspi\Obj
[2] = command line
[3] = dl7M_tlf.a
[4] = m7M_tls.a
[5] = rt7M_tl.a
[6] = shb_l.a

  30 828 bytes of readonly  code memory
     511 bytes of readonly  data memory
   3 812 bytes of readwrite data memory

Errors: none
Warnings: none
